Component: ARM Compiler 5.06 update 6 (build 750) Tool: armlink [4d35ed]

==============================================================================

Section Cross References

    main.o(i.Error_Handler) refers to _printf_pad.o(.text) for _printf_pre_padding
    main.o(i.Error_Handler) refers to _printf_percent.o(.ARM.Collect$$_printf_percent$$00000000) for _printf_percent
    main.o(i.Error_Handler) refers to _printf_p.o(.ARM.Collect$$_printf_percent$$00000002) for _printf_p
    main.o(i.Error_Handler) refers to _printf_s.o(.ARM.Collect$$_printf_percent$$00000014) for _printf_s
    main.o(i.Error_Handler) refers to _printf_n.o(.ARM.Collect$$_printf_percent$$00000001) for _printf_n
    main.o(i.Error_Handler) refers to _printf_charcount.o(.text) for _printf_charcount
    main.o(i.Error_Handler) refers to _printf_hex_ptr.o(.text) for _printf_longlong_hex
    main.o(i.Error_Handler) refers to _printf_str.o(.text) for _printf_str
    main.o(i.Error_Handler) refers to noretval__2printf.o(.text) for __2printf
    main.o(i.SystemClock_Config) refers to rt_memclr_w.o(.text) for __aeabi_memclr4
    main.o(i.SystemClock_Config) refers to stm32f4xx_hal_rcc.o(i.HAL_RCC_OscConfig) for HAL_RCC_OscConfig
    main.o(i.SystemClock_Config) refers to main.o(i.Error_Handler) for Error_Handler
    main.o(i.SystemClock_Config) refers to stm32f4xx_hal_pwr_ex.o(i.HAL_PWREx_EnableOverDrive) for HAL_PWREx_EnableOverDrive
    main.o(i.SystemClock_Config) refers to stm32f4xx_hal_rcc.o(i.HAL_RCC_ClockConfig) for HAL_RCC_ClockConfig
    main.o(i.main) refers to watchdog.o(i.init_Watchdog) for init_Watchdog
    main.o(i.main) refers to main.o(i.Error_Handler) for Error_Handler
    main.o(i.main) refers to stm32f4xx_hal.o(i.HAL_Init) for HAL_Init
    main.o(i.main) refers to main.o(i.SystemClock_Config) for SystemClock_Config
    main.o(i.main) refers to system_stm32f4xx.o(i.SystemCoreClockUpdate) for SystemCoreClockUpdate
    main.o(i.main) refers to delay.o(i.Init_Delay) for Init_Delay
    main.o(i.main) refers to lcd.o(i.GPIO_INIT) for GPIO_INIT
    main.o(i.main) refers to lcd.o(i.LCD_reset) for LCD_reset
    main.o(i.main) refers to lcd.o(i.actualizar) for actualizar
    main.o(i.main) refers to lcd.o(i.pant_neg) for pant_neg
    main.o(i.main) refers to watchdog.o(i.reset_Watchdog) for reset_Watchdog
    main.o(i.main) refers to main.o(.bss) for text
    lcd.o(i.EscribeLetra_L1) refers to lcd.o(.data) for posicionL1
    lcd.o(i.EscribeLetra_L1) refers to lcd.o(.constdata) for Arial12x12
    lcd.o(i.EscribeLetra_L1) refers to lcd.o(.bss) for buffer
    lcd.o(i.EscribeLetra_L2) refers to lcd.o(.data) for posicionL2
    lcd.o(i.EscribeLetra_L2) refers to lcd.o(.constdata) for Arial12x12
    lcd.o(i.EscribeLetra_L2) refers to lcd.o(.bss) for buffer
    lcd.o(i.GPIO_INIT) refers to rt_memclr_w.o(.text) for __aeabi_memclr4
    lcd.o(i.GPIO_INIT) refers to stm32f4xx_hal_gpio.o(i.HAL_GPIO_WritePin) for HAL_GPIO_WritePin
    lcd.o(i.GPIO_INIT) refers to stm32f4xx_hal_gpio.o(i.HAL_GPIO_Init) for HAL_GPIO_Init
    lcd.o(i.GPIO_INIT) refers to lcd.o(.data) for LCD_RESET
    lcd.o(i.LCD_reset) refers to stm32f4xx_hal_gpio.o(i.HAL_GPIO_WritePin) for HAL_GPIO_WritePin
    lcd.o(i.LCD_reset) refers to delay.o(i.Delay_us) for Delay_us
    lcd.o(i.LCD_reset) refers to lcd.o(i.wr_cmd) for wr_cmd
    lcd.o(i.LCD_reset) refers to lcd.o(i.lcd_clean) for lcd_clean
    lcd.o(i.LCD_reset) refers to lcd.o(.data) for SPIdrv
    lcd.o(i.actualizar) refers to lcd.o(i.EscribeLetra_L1) for EscribeLetra_L1
    lcd.o(i.actualizar) refers to strlen.o(.text) for strlen
    lcd.o(i.actualizar) refers to lcd.o(i.EscribeLetra_L2) for EscribeLetra_L2
    lcd.o(i.actualizar) refers to lcd.o(i.copy_to_lcd) for copy_to_lcd
    lcd.o(i.actualizar) refers to lcd.o(.data) for posicionL1
    lcd.o(i.copy_to_lcd) refers to lcd.o(i.wr_cmd) for wr_cmd
    lcd.o(i.copy_to_lcd) refers to lcd.o(i.wr_data) for wr_data
    lcd.o(i.copy_to_lcd) refers to lcd.o(.bss) for buffer
    lcd.o(i.lcd_clean) refers to lcd.o(i.copy_to_lcd) for copy_to_lcd
    lcd.o(i.lcd_clean) refers to lcd.o(.bss) for buffer
    lcd.o(i.pant_neg) refers to lcd.o(i.copy_to_lcd) for copy_to_lcd
    lcd.o(i.pant_neg) refers to lcd.o(.bss) for buffer
    lcd.o(i.wr_cmd) refers to stm32f4xx_hal_gpio.o(i.HAL_GPIO_WritePin) for HAL_GPIO_WritePin
    lcd.o(i.wr_cmd) refers to lcd.o(.data) for LCD_CS_N
    lcd.o(i.wr_data) refers to stm32f4xx_hal_gpio.o(i.HAL_GPIO_WritePin) for HAL_GPIO_WritePin
    lcd.o(i.wr_data) refers to lcd.o(.data) for LCD_CS_N
    lcd.o(.data) refers to spi_stm32f4xx.o(.constdata) for Driver_SPI1
    stm32f4xx_it.o(i.SysTick_Handler) refers to stm32f4xx_hal.o(i.HAL_IncTick) for HAL_IncTick
    stm32f4xx_hal_msp.o(i.HAL_SPI_MspInit) refers to rt_memclr_w.o(.text) for __aeabi_memclr4
    stm32f4xx_hal_msp.o(i.HAL_TIM_Base_MspInit) refers to rt_memclr_w.o(.text) for __aeabi_memclr4
[...]
    .text                                    0x08000de8   Section        0  hguard.o(.text)
    .text                                    0x08000dec   Section        0  init_alloc.o(.text)
    .text                                    0x08000e76   Section        0  h1_alloc.o(.text)
    .text                                    0x08000ed4   Section        0  fseek.o(.text)
    .text                                    0x08000fcc   Section        0  stdio.o(.text)
    .text                                    0x080010bc   Section        0  defsig_exit.o(.text)
    .text                                    0x080010c8   Section        0  defsig_rtred_inner.o(.text)
    .text                                    0x080010fc   Section        0  sys_exit.o(.text)
    .text                                    0x08001108   Section        0  h1_init.o(.text)
    .text                                    0x08001116   Section        0  h1_extend.o(.text)
    .text                                    0x0800114a   Section        0  ftell.o(.text)
    .text                                    0x0800118c   Section        0  defsig_general.o(.text)
    .text                                    0x080011be   Section        0  defsig_rtmem_outer.o(.text)
    .text                                    0x080011cc   Section        0  sys_wrch.o(.text)
    .text                                    0x080011dc   Section        8  rt_errno_addr_intlibspace.o(.text)
    .text                                    0x080011e4   Section        0  defsig_rtmem_inner.o(.text)
    i.BusFault_Handler                       0x08001234   Section        0  stm32f4xx_it.o(i.BusFault_Handler)
    i.DebugMon_Handler                       0x08001238   Section        0  stm32f4xx_it.o(i.DebugMon_Handler)
    i.Delay_us                               0x0800123c   Section        0  delay.o(i.Delay_us)
    i.Disable_SPI_Clock                      0x08001254   Section        0  spi_stm32f4xx.o(i.Disable_SPI_Clock)
    Disable_SPI_Clock                        0x08001255   Thumb Code   128  spi_stm32f4xx.o(i.Disable_SPI_Clock)
    i.Enable_GPIO_Clock                      0x080012f0   Section        0  spi_stm32f4xx.o(i.Enable_GPIO_Clock)
    Enable_GPIO_Clock                        0x080012f1   Thumb Code   422  spi_stm32f4xx.o(i.Enable_GPIO_Clock)
    i.Enable_SPI_Clock                       0x080014c8   Section        0  spi_stm32f4xx.o(i.Enable_SPI_Clock)
    Enable_SPI_Clock                         0x080014c9   Thumb Code   240  spi_stm32f4xx.o(i.Enable_SPI_Clock)
    i.Error_Handler                          0x080015d4   Section        0  main.o(i.Error_Handler)
    Error_Handler                            0x080015d5   Thumb Code    60  main.o(i.Error_Handler)
    i.EscribeLetra_L1                        0x08001700   Section        0  lcd.o(i.EscribeLetra_L1)
    i.EscribeLetra_L2                        0x08001780   Section        0  lcd.o(i.EscribeLetra_L2)
    i.GPIO_INIT                              0x08001804   Section        0  lcd.o(i.GPIO_INIT)
    i.HAL_DMA_Abort_IT                       0x080018f4   Section        0  stm32f4xx_hal_dma.o(i.HAL_DMA_Abort_IT)
    i.HAL_GPIO_DeInit                        0x0800191c   Section        0  stm32f4xx_hal_gpio.o(i.HAL_GPIO_DeInit)
    i.HAL_GPIO_Init                          0x08001a9c   Section        0  stm32f4xx_hal_gpio.o(i.HAL_GPIO_Init)
    i.HAL_GPIO_WritePin                      0x08001cb8   Section        0  stm32f4xx_hal_gpio.o(i.HAL_GPIO_WritePin)
    i.HAL_GetTick                            0x08001cc4   Section        0  stm32f4xx_hal.o(i.HAL_GetTick)
    i.HAL_IWDG_Init                          0x08001cd0   Section        0  stm32f4xx_hal_iwdg.o(i.HAL_IWDG_Init)
    i.HAL_IWDG_Refresh                       0x08001d20   Section        0  stm32f4xx_hal_iwdg.o(i.HAL_IWDG_Refresh)
    i.HAL_IncTick                            0x08001d30   Section        0  stm32f4xx_hal.o(i.HAL_IncTick)
    i.HAL_Init                               0x08001d48   Section        0  stm32f4xx_hal.o(i.HAL_Init)
    i.HAL_InitTick                           0x08001d78   Section        0  stm32f4xx_hal.o(i.HAL_InitTick)
    i.HAL_MspInit                            0x08001dc4   Section        0  stm32f4xx_hal_msp.o(i.HAL_MspInit)
    i.HAL_NVIC_DisableIRQ                    0x08001dc8   Section        0  stm32f4xx_hal_cortex.o(i.HAL_NVIC_DisableIRQ)
    i.HAL_NVIC_SetPriority                   0x08001df4   Section        0  stm32f4xx_hal_cortex.o(i.HAL_NVIC_SetPriority)
    i.HAL_NVIC_SetPriorityGrouping           0x08001e70   Section        0  stm32f4xx_hal_cortex.o(i.HAL_NVIC_SetPriorityGrouping)
    i.HAL_PWREx_EnableOverDrive              0x08001e98   Section        0  stm32f4xx_hal_pwr_ex.o(i.HAL_PWREx_EnableOverDrive)
    i.HAL_RCC_ClockConfig                    0x08001f24   Section        0  stm32f4xx_hal_rcc.o(i.HAL_RCC_ClockConfig)
    i.HAL_RCC_GetHCLKFreq                    0x080020a8   Section        0  stm32f4xx_hal_rcc.o(i.HAL_RCC_GetHCLKFreq)
    i.HAL_RCC_GetPCLK2Freq                   0x080020b4   Section        0  stm32f4xx_hal_rcc.o(i.HAL_RCC_GetPCLK2Freq)
    i.HAL_RCC_GetSysClockFreq                0x080020d4   Section        0  stm32f4xx_hal_rcc.o(i.HAL_RCC_GetSysClockFreq)
    i.HAL_RCC_OscConfig                      0x08002184   Section        0  stm32f4xx_hal_rcc.o(i.HAL_RCC_OscConfig)
    i.HAL_SYSTICK_Config                     0x0800260c   Section        0  stm32f4xx_hal_cortex.o(i.HAL_SYSTICK_Config)
    i.HAL_TIMEx_MasterConfigSynchronization  0x08002640   Section        0  stm32f4xx_hal_tim_ex.o(i.HAL_TIMEx_MasterConfigSynchronization)
    i.HAL_TIM_Base_Init                      0x080026f4   Section        0  stm32f4xx_hal_tim.o(i.HAL_TIM_Base_Init)
    i.HAL_TIM_Base_MspInit                   0x08002728   Section        0  stm32f4xx_hal_msp.o(i.HAL_TIM_Base_MspInit)
    i.HAL_TIM_Base_Start                     0x0800276c   Section        0  stm32f4xx_hal_tim.o(i.HAL_TIM_Base_Start)
    i.HAL_TIM_ConfigClockSource              0x08002796   Section        0  stm32f4xx_hal_tim.o(i.HAL_TIM_ConfigClockSource)
    i.HardFault_Handler                      0x0800289e   Section        0  stm32f4xx_it.o(i.HardFault_Handler)
    i.Init_Delay                             0x080028a4   Section        0  delay.o(i.Init_Delay)
    i.LCD_reset                              0x08002924   Section        0  lcd.o(i.LCD_reset)
    i.MemManage_Handler                      0x080029cc   Section        0  stm32f4xx_it.o(i.MemManage_Handler)
    i.NMI_Handler                            0x080029d0   Section        0  stm32f4xx_it.o(i.NMI_Handler)
    i.PendSV_Handler                         0x080029d2   Section        0  stm32f4xx_it.o(i.PendSV_Handler)
    i.SPI1_Control                           0x080029d4   Section        0  spi_stm32f4xx.o(i.SPI1_Control)
    SPI1_Control                             0x080029d5   Thumb Code    18  spi_stm32f4xx.o(i.SPI1_Control)
    i.SPI1_GetDataCount                      0x080029ec   Section        0  spi_stm32f4xx.o(i.SPI1_GetDataCount)
    SPI1_GetDataCount                        0x080029ed   Thumb Code    10  spi_stm32f4xx.o(i.SPI1_GetDataCount)
    i.SPI1_GetStatus                         0x080029fc   Section        0  spi_stm32f4xx.o(i.SPI1_GetStatus)
    SPI1_GetStatus                           0x080029fd   Thumb Code    12  spi_stm32f4xx.o(i.SPI1_GetStatus)
    i.SPI1_IRQHandler                        0x08002a0c   Section        0  spi_stm32f4xx.o(i.SPI1_IRQHandler)
    i.SPI1_Initialize                        0x08002a1c   Section        0  spi_stm32f4xx.o(i.SPI1_Initialize)
    SPI1_Initialize                          0x08002a1d   Thumb Code    14  spi_stm32f4xx.o(i.SPI1_Initialize)
    i.SPI1_PowerControl                      0x08002a30   Section        0  spi_stm32f4xx.o(i.SPI1_PowerControl)
    SPI1_PowerControl                        0x08002a31   Thumb Code    14  spi_stm32f4xx.o(i.SPI1_PowerControl)
    i.SPI1_Receive                           0x08002a44   Section        0  spi_stm32f4xx.o(i.SPI1_Receive)
    SPI1_Receive                             0x08002a45   Thumb Code    18  spi_stm32f4xx.o(i.SPI1_Receive)
    i.SPI1_Send                              0x08002a5c   Section        0  spi_stm32f4xx.o(i.SPI1_Send)
    SPI1_Send                                0x08002a5d   Thumb Code    18  spi_stm32f4xx.o(i.SPI1_Send)
    i.SPI1_Transfer                          0x08002a74   Section        0  spi_stm32f4xx.o(i.SPI1_Transfer)
    SPI1_Transfer                            0x08002a75   Thumb Code    22  spi_stm32f4xx.o(i.SPI1_Transfer)
    i.SPI1_Uninitialize                      0x08002a90   Section        0  spi_stm32f4xx.o(i.SPI1_Uninitialize)
    SPI1_Uninitialize                        0x08002a91   Thumb Code    10  spi_stm32f4xx.o(i.SPI1_Uninitialize)
    i.SPIX_GetCapabilities                   0x08002aa0   Section        0  spi_stm32f4xx.o(i.SPIX_GetCapabilities)
    SPIX_GetCapabilities                     0x08002aa1   Thumb Code     6  spi_stm32f4xx.o(i.SPIX_GetCapabilities)
    i.SPIX_GetVersion                        0x08002aac   Section        0  spi_stm32f4xx.o(i.SPIX_GetVersion)
    SPIX_GetVersion                          0x08002aad   Thumb Code    10  spi_stm32f4xx.o(i.SPIX_GetVersion)
    i.SPI_Control                            0x08002abc   Section        0  spi_stm32f4xx.o(i.SPI_Control)
    SPI_Control                              0x08002abd   Thumb Code  1290  spi_stm32f4xx.o(i.SPI_Control)
    i.SPI_GetDataCount                       0x08002fc6   Section        0  spi_stm32f4xx.o(i.SPI_GetDataCount)
    SPI_GetDataCount                         0x08002fc7   Thumb Code     8  spi_stm32f4xx.o(i.SPI_GetDataCount)
    i.SPI_GetStatus                          0x08002fce   Section        0  spi_stm32f4xx.o(i.SPI_GetStatus)
    SPI_GetStatus                            0x08002fcf   Thumb Code    44  spi_stm32f4xx.o(i.SPI_GetStatus)
    i.SPI_IRQHandler                         0x08002ffa   Section        0  spi_stm32f4xx.o(i.SPI_IRQHandler)
    SPI_IRQHandler                           0x08002ffb   Thumb Code   262  spi_stm32f4xx.o(i.SPI_IRQHandler)
    i.SPI_Initialize                         0x08003100   Section        0  spi_stm32f4xx.o(i.SPI_Initialize)
    SPI_Initialize                           0x08003101   Thumb Code   212  spi_stm32f4xx.o(i.SPI_Initialize)
    i.SPI_PeripheralReset                    0x080031d4   Section        0  spi_stm32f4xx.o(i.SPI_PeripheralReset)
    SPI_PeripheralReset                      0x080031d5   Thumb Code   262  spi_stm32f4xx.o(i.SPI_PeripheralReset)
    i.SPI_PowerControl                       0x080032f8   Section        0  spi_stm32f4xx.o(i.SPI_PowerControl)
    SPI_PowerControl                         0x080032f9   Thumb Code   254  spi_stm32f4xx.o(i.SPI_PowerControl)
    i.SPI_Receive                            0x080033fc   Section        0  spi_stm32f4xx.o(i.SPI_Receive)
    SPI_Receive                              0x080033fd   Thumb Code   136  spi_stm32f4xx.o(i.SPI_Receive)
    i.SPI_RxData                             0x08003484   Section        0  spi_stm32f4xx.o(i.SPI_RxData)
    SPI_RxData                               0x08003485   Thumb Code    86  spi_stm32f4xx.o(i.SPI_RxData)
    i.SPI_Send                               0x080034da   Section        0  spi_stm32f4xx.o(i.SPI_Send)
    SPI_Send                                 0x080034db   Thumb Code   136  spi_stm32f4xx.o(i.SPI_Send)
    i.SPI_Transfer                           0x08003562   Section        0  spi_stm32f4xx.o(i.SPI_Transfer)
    SPI_Transfer                             0x08003563   Thumb Code   118  spi_stm32f4xx.o(i.SPI_Transfer)
    i.SPI_TxData                             0x080035d8   Section        0  spi_stm32f4xx.o(i.SPI_TxData)
    SPI_TxData                               0x080035d9   Thumb Code    84  spi_stm32f4xx.o(i.SPI_TxData)
    i.SPI_Uninitialize                       0x0800362c   Section        0  spi_stm32f4xx.o(i.SPI_Uninitialize)
    SPI_Uninitialize                         0x0800362d   Thumb Code   102  spi_stm32f4xx.o(i.SPI_Uninitialize)
    i.SVC_Handler                            0x08003692   Section        0  stm32f4xx_it.o(i.SVC_Handler)
    i.SysTick_Handler                        0x08003694   Section        0  stm32f4xx_it.o(i.SysTick_Handler)
    i.SystemClock_Config                     0x0800369c   Section        0  main.o(i.SystemClock_Config)
    SystemClock_Config                       0x0800369d   Thumb Code   190  main.o(i.SystemClock_Config)
    i.SystemCoreClockUpdate                  0x08003764   Section        0  system_stm32f4xx.o(i.SystemCoreClockUpdate)
    i.SystemInit                             0x08003824   Section        0  system_stm32f4xx.o(i.SystemInit)
    i.TIM_Base_SetConfig                     0x08003840   Section        0  stm32f4xx_hal_tim.o(i.TIM_Base_SetConfig)
    i.TIM_ETR_SetConfig                      0x08003918   Section        0  stm32f4xx_hal_tim.o(i.TIM_ETR_SetConfig)
    i.TIM_ITRx_SetConfig                     0x0800392e   Section        0  stm32f4xx_hal_tim.o(i.TIM_ITRx_SetConfig)
    TIM_ITRx_SetConfig                       0x0800392f   Thumb Code    18  stm32f4xx_hal_tim.o(i.TIM_ITRx_SetConfig)
    i.TIM_TI1_ConfigInputStage               0x08003940   Section        0  stm32f4xx_hal_tim.o(i.TIM_TI1_ConfigInputStage)
    TIM_TI1_ConfigInputStage                 0x08003941   Thumb Code    38  stm32f4xx_hal_tim.o(i.TIM_TI1_ConfigInputStage)
    i.TIM_TI2_ConfigInputStage               0x08003966   Section        0  stm32f4xx_hal_tim.o(i.TIM_TI2_ConfigInputStage)
    TIM_TI2_ConfigInputStage                 0x08003967   Thumb Code    40  stm32f4xx_hal_tim.o(i.TIM_TI2_ConfigInputStage)
    i.UsageFault_Handler                     0x0800398e   Section        0  stm32f4xx_it.o(i.UsageFault_Handler)
    i.__NVIC_GetPriorityGrouping             0x08003994   Section        0  stm32f4xx_hal_cortex.o(i.__NVIC_GetPriorityGrouping)
    __NVIC_GetPriorityGrouping               0x08003995   Thumb Code    10  stm32f4xx_hal_cortex.o(i.__NVIC_GetPriorityGrouping)
    i.__NVIC_SetPriority                     0x080039a4   Section        0  stm32f4xx_hal_cortex.o(i.__NVIC_SetPriority)
    __NVIC_SetPriority                       0x080039a5   Thumb Code    32  stm32f4xx_hal_cortex.o(i.__NVIC_SetPriority)
    i._is_digit                              0x080039cc   Section        0  __printf_wp.o(i._is_digit)
    i.actualizar                             0x080039dc   Section        0  lcd.o(i.actualizar)
    i.copy_to_lcd                            0x08003a74   Section        0  lcd.o(i.copy_to_lcd)
    i.fputc                                  0x08003b14   Section        0  fputc.o(i.fputc)
    i.init_Watchdog                          0x08003b30   Section        0  watchdog.o(i.init_Watchdog)
    i.lcd_clean                              0x08003b5c   Section        0  lcd.o(i.lcd_clean)
    i.main                                   0x08003b7c   Section        0  main.o(i.main)
    i.pant_neg                               0x08003bcc   Section        0  lcd.o(i.pant_neg)
    i.reset_Watchdog                         0x08003bec   Section        0  watchdog.o(i.reset_Watchdog)
    i.wr_cmd                                 0x08003bfc   Section        0  lcd.o(i.wr_cmd)
    i.wr_data                                0x08003c60   Section        0  lcd.o(i.wr_data)
    x$fpl$fpinit                             0x08003cc4   Section       10  fpinit.o(x$fpl$fpinit)
    $v0                                      0x08003cc4   Number         0  fpinit.o(x$fpl$fpinit)
    .constdata                               0x08003cce   Section     2400  lcd.o(.constdata)
    .constdata                               0x08004630   Section      128  spi_stm32f4xx.o(.constdata)
    DriverVersion                            0x08004630   Data           4  spi_stm32f4xx.o(.constdata)
    DriverCapabilities                       0x08004634   Data           4  spi_stm32f4xx.o(.constdata)
    SPI1_mosi                                0x08004638   Data          16  spi_stm32f4xx.o(.constdata)
    SPI1_sck                                 0x08004648   Data          16  spi_stm32f4xx.o(.constdata)
    SPI1_Resources                           0x08004658   Data          44  spi_stm32f4xx.o(.constdata)
    .constdata                               0x080046b0   Section       24  system_stm32f4xx.o(.constdata)
    .constdata                               0x080046c8   Section       40  _printf_hex_ptr.o(.constdata)
    uc_hextab                                0x080046c8   Data          20  _printf_hex_ptr.o(.constdata)
    lc_hextab                                0x080046dc   Data          20  _printf_hex_ptr.o(.constdata)
    .constdata                               0x080046f0   Section       17  __printf_flags_ss_wp.o(.constdata)
    maptable                                 0x080046f0   Data          17  __printf_flags_ss_wp.o(.constdata)
    .constdata                               0x08004701   Section        4  sys_io.o(.constdata)
    .constdata                               0x08004705   Section        4  sys_io.o(.constdata)
    .constdata                               0x08004709   Section        4  sys_io.o(.constdata)
    .data                                    0x20000000   Section      196  lcd.o(.data)
    .data                                    0x200000c4   Section        9  stm32f4xx_hal.o(.data)
    .data                                    0x200000d0   Section        4  system_stm32f4xx.o(.data)
    .data                                    0x200000d4   Section        4  stdio_streams.o(.data)
    .data                                    0x200000d8   Section        4  stdio_streams.o(.data)
    .data                                    0x200000dc   Section        4  stdio_streams.o(.data)
    .bss                                     0x200000e0   Section       42  main.o(.bss)
    .bss                                     0x2000010a   Section      810  lcd.o(.bss)
    .bss                                     0x20000434   Section       64  delay.o(.bss)
    .bss                                     0x20000474   Section       12  watchdog.o(.bss)
    .bss                                     0x20000480   Section       44  spi_stm32f4xx.o(.bss)
    SPI1_Info                                0x20000480   Data          16  spi_stm32f4xx.o(.bss)
    SPI1_TransferInfo                        0x20000490   Data          28  spi_stm32f4xx.o(.bss)
    .bss                                     0x200004ac   Section       84  stdio_streams.o(.bss)
    .bss                                     0x20000500   Section       84  stdio_streams.o(.bss)
    .bss                                     0x20000554   Section       84  stdio_streams.o(.bss)
    .bss                                     0x200005a8   Section       96  libspace.o(.bss)
    HEAP                                     0x20000608   Section      512  startup_stm32f429xx.o(HEAP)
    Heap_Mem                                 0x20000608   Data         512  startup_stm32f429xx.o(HEAP)
    STACK                                    0x20000808   Section     1024  startup_stm32f429xx.o(STACK)
    Stack_Mem                                0x20000808   Data        1024  startup_stm32f429xx.o(STACK)
    __initial_sp                             0x20000c08   Data           0  startup_stm32f429xx.o(STACK)

    Global Symbols

    Symbol Name                              Value     Ov Type        Size  Object(Section)

    BuildAttributes$$THM_ISAv4$E$P$D$K$B$S$7EM$VFPi3$EXTD16$VFPS$VFMA$PE$A:L22UL41UL21$X:L11$S22US41US21$IEEE1$IW$USESV6$~STKCKD$USESV7$~SHL$OTIME$ROPI$EBA8$UX$STANDARDLIB$REQ8$PRES8$EABIv2 0x00000000   Number         0  anon$$obj.o ABSOLUTE
    __ARM_use_no_argv                        0x00000000   Number         0  main.o ABSOLUTE
    _printf_flags                            0x00000000   Number         0  printf_stubs.o ABSOLUTE
    _printf_return_value                     0x00000000   Number         0  printf_stubs.o ABSOLUTE
    _printf_sizespec                         0x00000000   Number         0  printf_stubs.o ABSOLUTE
    _printf_widthprec                        0x00000000   Number         0  printf_stubs.o ABSOLUTE
    __ARM_exceptions_init                     - Undefined Weak Reference
    __alloca_initialize                       - Undefined Weak Reference
    __arm_preinit_                            - Undefined Weak Reference
    __cpp_initialize__aeabi_                  - Undefined Weak Reference
    __cxa_finalize                            - Undefined Weak Reference
    __rt_locale                               - Undefined Weak Reference
    __sigvec_lookup                           - Undefined Weak Reference
    __user_heap_extent                        - Undefined Weak Reference
    _atexit_init                              - Undefined Weak Reference
    _call_atexit_fns                          - Undefined Weak Reference
    _clock_init                               - Undefined Weak Reference
    _fp_trap_init                             - Undefined Weak Reference
    _fp_trap_shutdown                         - Undefined Weak Reference
    _get_lc_collate                           - Undefined Weak Reference
    _get_lc_ctype                             - Undefined Weak Reference
    _get_lc_monetary                          - Undefined Weak Reference
    _get_lc_numeric                           - Undefined Weak Reference
    _get_lc_time                              - Undefined Weak Reference
    _getenv_init                              - Undefined Weak Reference
    _handle_redirection                       - Undefined Weak Reference
    _mutex_acquire                            - Undefined Weak Reference
    _mutex_free                               - Undefined Weak Reference
    _mutex_release                            - Undefined Weak Reference
    _printf_mbtowc                            - Undefined Weak Reference
    _printf_truncate_unsigned                 - Undefined Weak Reference
    _rand_init                                - Undefined Weak Reference
    _signal_finish                            - Undefined Weak Reference
    _signal_init                              - Undefined Weak Reference
    __Vectors_Size                           0x000001ac   Number         0  startup_stm32f429xx.o ABSOLUTE
    __Vectors                                0x08000000   Data           4  startup_stm32f429xx.o(RESET)
    __Vectors_End                            0x080001ac   Data           0  startup_stm32f429xx.o(RESET)
    __main                                   0x080001ad   Thumb Code     8  __main.o(!!!main)
    __scatterload                            0x080001b5   Thumb Code     0  __scatter.o(!!!scatter)
    __scatterload_rt2                        0x080001b5   Thumb Code    44  __scatter.o(!!!scatter)
    __scatterload_rt2_thumb_only             0x080001b5   Thumb Code     0  __scatter.o(!!!scatter)
    __scatterload_null                       0x080001c3   Thumb Code     0  __scatter.o(!!!scatter)
    __scatterload_copy                       0x080001e9   Thumb Code    26  __scatter_copy.o(!!handler_copy)
    __scatterload_zeroinit                   0x08000205   Thumb Code    28  __scatter_zi.o(!!handler_zi)
    _printf_n                                0x08000221   Thumb Code     0  _printf_n.o(.ARM.Collect$$_printf_percent$$00000001)
    _printf_percent                          0x08000221   Thumb Code     0  _printf_percent.o(.ARM.Collect$$_printf_percent$$00000000)
    _printf_p                                0x08000227   Thumb Code     0  _printf_p.o(.ARM.Collect$$_printf_percent$$00000002)
    _printf_s                                0x0800022d   Thumb Code     0  _printf_s.o(.ARM.Collect$$_printf_percent$$00000014)
    _printf_percent_end                      0x08000233   Thumb Code     0  _printf_percent_end.o(.ARM.Collect$$_printf_percent$$00000017)
    __rt_lib_init                            0x08000237   Thumb Code     0  libinit.o(.ARM.Collect$$libinit$$00000000)
    __rt_lib_init_fp_1                       0x08000239   Thumb Code     0  libinit2.o(.ARM.Collect$$libinit$$00000001)
    __rt_lib_init_heap_2                     0x0800023d   Thumb Code     0  libinit2.o(.ARM.Collect$$libinit$$00000005)
    __rt_lib_init_preinit_1                  0x0800023d   Thumb Code     0  libinit2.o(.ARM.Collect$$libinit$$00000004)
    __rt_lib_init_atexit_1                   0x08000245   Thumb Code     0  libinit2.o(.ARM.Collect$$libinit$$0000001B)
    __rt_lib_init_clock_1                    0x08000245   Thumb Code     0  libinit2.o(.ARM.Collect$$libinit$$00000021)
    __rt_lib_init_fp_trap_1                  0x08000245   Thumb Code     0  libinit2.o(.ARM.Collect$$libinit$$0000001F)
    __rt_lib_init_getenv_1                   0x08000245   Thumb Code     0  libinit2.o(.ARM.Collect$$libinit$$00000023)
    __rt_lib_init_heap_1                     0x08000245   Thumb Code     0  libinit2.o(.ARM.Collect$$libinit$$0000000A)
    __rt_lib_init_lc_collate_1               0x08000245   Thumb Code     0  libinit2.o(.ARM.Collect$$libinit$$00000011)
    __rt_lib_init_lc_ctype_1                 0x08000245   Thumb Code     0  libinit2.o(.ARM.Collect$$libinit$$00000013)
    __rt_lib_init_lc_monetary_1              0x08000245   Thumb Code     0  libinit2.o(.ARM.Collect$$libinit$$00000015)
    __rt_lib_init_lc_numeric_1               0x08000245   Thumb Code     0  libinit2.o(.ARM.Collect$$libinit$$00000017)
    __rt_lib_init_lc_time_1                  0x08000245   Thumb Code     0  libinit2.o(.ARM.Collect$$libinit$$00000019)
    __rt_lib_init_rand_1                     0x08000245   Thumb Code     0  libinit2.o(.ARM.Collect$$libinit$$0000000E)
    __rt_lib_init_signal_1                   0x08000245   Thumb Code     0  libinit2.o(.ARM.Collect$$libinit$$0000001D)
    __rt_lib_init_stdio_2                    0x08000245   Thumb Code     0  libinit2.o(.ARM.Collect$$libinit$$00000024)
    __rt_lib_init_user_alloc_1               0x08000245   Thumb Code     0  libinit2.o(.ARM.Collect$$libinit$$0000000C)
    __rt_lib_init_alloca_1                   0x08000249   Thumb Code     0  libinit2.o(.ARM.Collect$$libinit$$0000002E)
    __rt_lib_init_argv_1                     0x08000249   Thumb Code     0  libinit2.o(.ARM.Collect$$libinit$$0000002C)
    __rt_lib_init_cpp_1                      0x08000249   Thumb Code     0  libinit2.o(.ARM.Collect$$libinit$$00000032)
    __rt_lib_init_exceptions_1               0x08000249   Thumb Code     0  libinit2.o(.ARM.Collect$$libinit$$00000030)
    __rt_lib_init_return                     0x08000249   Thumb Code     0  libinit2.o(.ARM.Collect$$libinit$$00000033)
    __rt_lib_init_stdio_1                    0x08000249   Thumb Code     0  libinit2.o(.ARM.Collect$$libinit$$00000025)
    __rt_lib_shutdown                        0x0800024b   Thumb Code     0  libshutdown.o(.ARM.Collect$$libshutdown$$00000000)
    __rt_lib_shutdown_cpp_1                  0x0800024d   Thumb Code     0  libshutdown2.o(.ARM.Collect$$libshutdown$$00000002)
    __rt_lib_shutdown_stdio_2                0x0800024d   Thumb Code     0  libshutdown2.o(.ARM.Collect$$libshutdown$$00000003)
    __rt_lib_shutdown_fp_trap_1              0x08000251   Thumb Code     0  libshutdown2.o(.ARM.Collect$$libshutdown$$00000007)
    __rt_lib_shutdown_heap_1                 0x08000251   Thumb Code     0  libshutdown2.o(.ARM.Collect$$libshutdown$$0000000F)
    __rt_lib_shutdown_return                 0x08000251   Thumb Code     0  libshutdown2.o(.ARM.Collect$$libshutdown$$00000010)
    __rt_lib_shutdown_signal_1               0x08000251   Thumb Code     0  libshutdown2.o(.ARM.Collect$$libshutdown$$0000000A)
    __rt_lib_shutdown_stdio_1                0x08000251   Thumb Code     0  libshutdown2.o(.ARM.Collect$$libshutdown$$00000004)
    __rt_lib_shutdown_user_alloc_1           0x08000251   Thumb Code     0  libshutdown2.o(.ARM.Collect$$libshutdown$$0000000C)
    __rt_entry                               0x08000253   Thumb Code     0  __rtentry.o(.ARM.Collect$$rtentry$$00000000)
    __rt_entry_presh_1                       0x08000253   Thumb Code     0  __rtentry2.o(.ARM.Collect$$rtentry$$00000002)
    __rt_entry_sh                            0x08000253   Thumb Code     0  __rtentry4.o(.ARM.Collect$$rtentry$$00000004)
    __rt_entry_li                            0x08000259   Thumb Code     0  __rtentry2.o(.ARM.Collect$$rtentry$$0000000A)
    __rt_entry_postsh_1                      0x08000259   Thumb Code     0  __rtentry2.o(.ARM.Collect$$rtentry$$00000009)
    __rt_entry_main                          0x0800025d   Thumb Code     0  __rtentry2.o(.ARM.Collect$$rtentry$$0000000D)
    __rt_entry_postli_1                      0x0800025d   Thumb Code     0  __rtentry2.o(.ARM.Collect$$rtentry$$0000000C)
    __rt_exit                                0x08000265   Thumb Code     0  rtexit.o(.ARM.Collect$$rtexit$$00000000)
    __rt_exit_ls                             0x08000267   Thumb Code     0  rtexit2.o(.ARM.Collect$$rtexit$$00000003)
    __rt_exit_prels_1                        0x08000267   Thumb Code     0  rtexit2.o(.ARM.Collect$$rtexit$$00000002)
    __rt_exit_exit                           0x0800026b   Thumb Code     0  rtexit2.o(.ARM.Collect$$rtexit$$00000004)
    Reset_Handler                            0x08000271   Thumb Code     8  startup_stm32f429xx.o(.text)
    _maybe_terminate_alloc                   0x08000271   Thumb Code     0  maybetermalloc1.o(.emb_text)
    ADC_IRQHandler                           0x0800028b   Thumb Code     0  startup_stm32f429xx.o(.text)
    CAN1_RX0_IRQHandler                      0x0800028b   Thumb Code     0  startup_stm32f429xx.o(.text)
    CAN1_RX1_IRQHandler                      0x0800028b   Thumb Code     0  startup_stm32f429xx.o(.text)
    CAN1_SCE_IRQHandler                      0x0800028b   Thumb Code     0  startup_stm32f429xx.o(.text)
    CAN1_TX_IRQHandler                       0x0800028b   Thumb Code     0  startup_stm32f429xx.o(.text)
    CAN2_RX0_IRQHandler                      0x0800028b   Thumb Code     0  startup_stm32f429xx.o(.text)
    CAN2_RX1_IRQHandler                      0x0800028b   Thumb Code     0  startup_stm32f429xx.o(.text)
    CAN2_SCE_IRQHandler                      0x0800028b   Thumb Code     0  startup_stm32f429xx.o(.text)
    CAN2_TX_IRQHandler                       0x0800028b   Thumb Code     0  startup_stm32f429xx.o(.text)
    DCMI_IRQHandler                          0x0800028b   Thumb Code     0  startup_stm32f429xx.o(.text)
    DMA1_Stream0_IRQHandler                  0x0800028b   Thumb Code     0  startup_stm32f429xx.o(.text)
    DMA1_Stream1_IRQHandler                  0x0800028b   Thumb Code     0  startup_stm32f429xx.o(.text)
    DMA1_Stream2_IRQHandler                  0x0800028b   Thumb Code     0  startup_stm32f429xx.o(.text)
    DMA1_Stream3_IRQHandler                  0x0800028b   Thumb Code     0  startup_stm32f429xx.o(.text)
    DMA1_Stream4_IRQHandler                  0x0800028b   Thumb Code     0  startup_stm32f429xx.o(.text)
    DMA1_Stream5_IRQHandler                  0x0800028b   Thumb Code     0  startup_stm32f429xx.o(.text)
    DMA1_Stream6_IRQHandler                  0x0800028b   Thumb Code     0  startup_stm32f429xx.o(.text)
    DMA1_Stream7_IRQHandler                  0x0800028b   Thumb Code     0  startup_stm32f429xx.o(.text)
    DMA2D_IRQHandler                         0x0800028b   Thumb Code     0  startup_stm32f429xx.o(.text)
    DMA2_Stream0_IRQHandler                  0x0800028b   Thumb Code     0  startup_stm32f429xx.o(.text)
    DMA2_Stream1_IRQHandler                  0x0800028b   Thumb Code     0  startup_stm32f429xx.o(.text)
    DMA2_Stream2_IRQHandler                  0x0800028b   Thumb Code     0  startup_stm32f429xx.o(.text)
    DMA2_Stream3_IRQHandler                  0x0800028b   Thumb Code     0  startup_stm32f429xx.o(.text)
    DMA2_Stream4_IRQHandler                  0x0800028b   Thumb Code     0  startup_stm32f429xx.o(.text)
    DMA2_Stream5_IRQHandler                  0x0800028b   Thumb Code     0  startup_stm32f429xx.o(.text)
    DMA2_Stream6_IRQHandler                  0x0800028b   Thumb Code     0  startup_stm32f429xx.o(.text)
    DMA2_Stream7_IRQHandler                  0x0800028b   Thumb Code     0  startup_stm32f429xx.o(.text)
    ETH_IRQHandler                           0x0800028b   Thumb Code     0  startup_stm32f429xx.o(.text)
    ETH_WKUP_IRQHandler                      0x0800028b   Thumb Code     0  startup_stm32f429xx.o(.text)
    EXTI0_IRQHandler                         0x0800028b   Thumb Code     0  startup_stm32f429xx.o(.text)
    EXTI15_10_IRQHandler                     0x0800028b   Thumb Code     0  startup_stm32f429xx.o(.text)
    EXTI1_IRQHandler                         0x0800028b   Thumb Code     0  startup_stm32f429xx.o(.text)
    EXTI2_IRQHandler                         0x0800028b   Thumb Code     0  startup_stm32f429xx.o(.text)
    EXTI3_IRQHandler                         0x0800028b   Thumb Code     0  startup_stm32f429xx.o(.text)
    EXTI4_IRQHandler                         0x0800028b   Thumb Code     0  startup_stm32f429xx.o(.text)
    EXTI9_5_IRQHandler                       0x0800028b   Thumb Code     0  startup_stm32f429xx.o(.text)
    FLASH_IRQHandler                         0x0800028b   Thumb Code     0  startup_stm32f429xx.o(.text)
    FMC_IRQHandler                           0x0800028b   Thumb Code     0  startup_stm32f429xx.o(.text)
    FPU_IRQHandler                           0x0800028b   Thumb Code     0  startup_stm32f429xx.o(.text)
    HASH_RNG_IRQHandler                      0x0800028b   Thumb Code     0  startup_stm32f429xx.o(.text)
    I2C1_ER_IRQHandler                       0x0800028b   Thumb Code     0  startup_stm32f429xx.o(.text)
    I2C1_EV_IRQHandler                       0x0800028b   Thumb Code     0  startup_stm32f429xx.o(.text)
    I2C2_ER_IRQHandler                       0x0800028b   Thumb Code     0  startup_stm32f429xx.o(.text)
    I2C2_EV_IRQHandler                       0x0800028b   Thumb Code     0  startup_stm32f429xx.o(.text)
    I2C3_ER_IRQHandler                       0x0800028b   Thumb Code     0  startup_stm32f429xx.o(.text)
    I2C3_EV_IRQHandler                       0x0800028b   Thumb Code     0  startup_stm32f429xx.o(.text)
    LTDC_ER_IRQHandler                       0x0800028b   Thumb Code     0  startup_stm32f429xx.o(.text)
    LTDC_IRQHandler                          0x0800028b   Thumb Code     0  startup_stm32f429xx.o(.text)
    OTG_FS_IRQHandler                        0x0800028b   Thumb Code     0  startup_stm32f429xx.o(.text)
    OTG_FS_WKUP_IRQHandler                   0x0800028b   Thumb Code     0  startup_stm32f429xx.o(.text)
    OTG_HS_EP1_IN_IRQHandler                 0x0800028b   Thumb Code     0  startup_stm32f429xx.o(.text)
    OTG_HS_EP1_OUT_IRQHandler                0x0800028b   Thumb Code     0  startup_stm32f429xx.o(.text)
    OTG_HS_IRQHandler                        0x0800028b   Thumb Code     0  startup_stm32f429xx.o(.text)
    OTG_HS_WKUP_IRQHandler                   0x0800028b   Thumb Code     0  startup_stm32f429xx.o(.text)
    PVD_IRQHandler                           0x0800028b   Thumb Code     0  startup_stm32f429xx.o(.text)
    RCC_IRQHandler                           0x0800028b   Thumb Code     0  startup_stm32f429xx.o(.text)
    RTC_Alarm_IRQHandler                     0x0800028b   Thumb Code     0  startup_stm32f429xx.o(.text)
    RTC_WKUP_IRQHandler                      0x0800028b   Thumb Code     0  startup_stm32f429xx.o(.text)
    SAI1_IRQHandler                          0x0800028b   Thumb Code     0  startup_stm32f429xx.o(.text)
    SDIO_IRQHandler                          0x0800028b   Thumb Code     0  startup_stm32f429xx.o(.text)
    SPI2_IRQHandler                          0x0800028b   Thumb Code     0  startup_stm32f429xx.o(.text)
    SPI3_IRQHandler                          0x0800028b   Thumb Code     0  startup_stm32f429xx.o(.text)
    SPI4_IRQHandler                          0x0800028b   Thumb Code     0  startup_stm32f429xx.o(.text)
    SPI5_IRQHandler                          0x0800028b   Thumb Code     0  startup_stm32f429xx.o(.text)
    SPI6_IRQHandler                          0x0800028b   Thumb Code     0  startup_stm32f429xx.o(.text)
    TAMP_STAMP_IRQHandler                    0x0800028b   Thumb Code     0  startup_stm32f429xx.o(.text)
    TIM1_BRK_TIM9_IRQHandler                 0x0800028b   Thumb Code     0  startup_stm32f429xx.o(.text)
    TIM1_CC_IRQHandler                       0x0800028b   Thumb Code     0  startup_stm32f429xx.o(.text)
    TIM1_TRG_COM_TIM11_IRQHandler            0x0800028b   Thumb Code     0  startup_stm32f429xx.o(.text)
    TIM1_UP_TIM10_IRQHandler                 0x0800028b   Thumb Code     0  startup_stm32f429xx.o(.text)
    TIM2_IRQHandler                          0x0800028b   Thumb Code     0  startup_stm32f429xx.o(.text)
    TIM3_IRQHandler                          0x0800028b   Thumb Code     0  startup_stm32f429xx.o(.text)
    TIM4_IRQHandler                          0x0800028b   Thumb Code     0  startup_stm32f429xx.o(.text)
    TIM5_IRQHandler                          0x0800028b   Thumb Code     0  startup_stm32f429xx.o(.text)
    TIM6_DAC_IRQHandler                      0x0800028b   Thumb Code     0  startup_stm32f429xx.o(.text)
    TIM7_IRQHandler                          0x0800028b   Thumb Code     0  startup_stm32f429xx.o(.text)
    TIM8_BRK_TIM12_IRQHandler                0x0800028b   Thumb Code     0  startup_stm32f429xx.o(.text)
    TIM8_CC_IRQHandler                       0x0800028b   Thumb Code     0  startup_stm32f429xx.o(.text)
    TIM8_TRG_COM_TIM14_IRQHandler            0x0800028b   Thumb Code     0  startup_stm32f429xx.o(.text)
    TIM8_UP_TIM13_IRQHandler                 0x0800028b   Thumb Code     0  startup_stm32f429xx.o(.text)
    UART4_IRQHandler                         0x0800028b   Thumb Code     0  startup_stm32f429xx.o(.text)
    UART5_IRQHandler                         0x0800028b   Thumb Code     0  startup_stm32f429xx.o(.text)
    UART7_IRQHandler                         0x0800028b   Thumb Code     0  startup_stm32f429xx.o(.text)
    UART8_IRQHandler                         0x0800028b   Thumb Code     0  startup_stm32f429xx.o(.text)
    USART1_IRQHandler                        0x0800028b   Thumb Code     0  startup_stm32f429xx.o(.text)
    USART2_IRQHandler                        0x0800028b   Thumb Code     0  startup_stm32f429xx.o(.text)
    USART3_IRQHandler                        0x0800028b   Thumb Code     0  startup_stm32f429xx.o(.text)
    USART6_IRQHandler                        0x0800028b   Thumb Code     0  startup_stm32f429xx.o(.text)
    WWDG_IRQHandler                          0x0800028b   Thumb Code     0  startup_stm32f429xx.o(.text)
    __user_initial_stackheap                 0x0800028d   Thumb Code     0  startup_stm32f429xx.o(.text)
    __aeabi_uldivmod                         0x080002b1   Thumb Code     0  lludivv7m.o(.text)
    _ll_udiv                                 0x080002b1   Thumb Code   238  lludivv7m.o(.text)
    __2printf                                0x080003a1   Thumb Code    20  noretval__2printf.o(.text)
    _printf_pre_padding                      0x080003b9   Thumb Code    44  _printf_pad.o(.text)
    _printf_post_padding                     0x080003e5   Thumb Code    34  _printf_pad.o(.text)
    _printf_str                              0x08000407   Thumb Code    82  _printf_str.o(.text)
    _printf_charcount                        0x08000459   Thumb Code    40  _printf_charcount.o(.text)
    _printf_hex_ptr                          0x08000481   Thumb Code    78  _printf_hex_ptr.o(.text)
    _printf_longlong_hex                     0x08000481   Thumb Code     0  _printf_hex_ptr.o(.text)
    __printf                                 0x080004d5   Thumb Code   388  __printf_flags_ss_wp.o(.text)
    strlen                                   0x0800065d   Thumb Code    62  strlen.o(.text)
    __aeabi_memclr4                          0x0800069b   Thumb Code     0  rt_memclr_w.o(.text)
    __aeabi_memclr8                          0x0800069b   Thumb Code     0  rt_memclr_w.o(.text)
    __rt_memclr_w                            0x0800069b   Thumb Code    78  rt_memclr_w.o(.text)
    _memset_w                                0x0800069f   Thumb Code     0  rt_memclr_w.o(.text)
    __use_two_region_memory                  0x080006e9   Thumb Code     2  heapauxi.o(.text)
    __rt_heap_escrow                         0x080006eb   Thumb Code     2  heapauxi.o(.text)
    __rt_heap_expand                         0x080006ed   Thumb Code     2  heapauxi.o(.text)
    _printf_int_common                       0x080006ef   Thumb Code   178  _printf_intcommon.o(.text)
    _printf_cs_common                        0x080007a1   Thumb Code    20  _printf_char.o(.text)
    _printf_char                             0x080007b5   Thumb Code    16  _printf_char.o(.text)
    _printf_string                           0x080007c5   Thumb Code     8  _printf_char.o(.text)
    _printf_char_file                        0x080007cd   Thumb Code    32  _printf_char_file.o(.text)
    _printf_char_common                      0x080007fb   Thumb Code    32  _printf_char_common.o(.text)
    ferror                                   0x08000821   Thumb Code     8  ferror.o(.text)
    _initio                                  0x08000829   Thumb Code   210  initio.o(.text)
    _terminateio                             0x080008fb   Thumb Code    56  initio.o(.text)
    _sys_open                                0x08000961   Thumb Code    20  sys_io.o(.text)
    _sys_close                               0x08000975   Thumb Code    12  sys_io.o(.text)
    _sys_write                               0x08000981   Thumb Code    16  sys_io.o(.text)
    _sys_read                                0x08000991   Thumb Code    14  sys_io.o(.text)
    _sys_istty                               0x0800099f   Thumb Code    12  sys_io.o(.text)
    _sys_seek                                0x080009ab   Thumb Code    14  sys_io.o(.text)
    _sys_ensure                              0x080009b9   Thumb Code     2  sys_io.o(.text)
    _sys_flen                                0x080009bb   Thumb Code    12  sys_io.o(.text)
    __user_setup_stackheap                   0x080009c7   Thumb Code    74  sys_stackheap_outer.o(.text)
    free                                     0x08000a11   Thumb Code    78  h1_free.o(.text)
    __flsbuf                                 0x08000a5f   Thumb Code   470  flsbuf.o(.text)
    __flsbuf_byte                            0x08000a5f   Thumb Code     0  flsbuf.o(.text)
    __flsbuf_wide                            0x08000a5f   Thumb Code     0  flsbuf.o(.text)
    setvbuf                                  0x08000c35   Thumb Code    70  setvbuf.o(.text)
    freopen                                  0x08000c7d   Thumb Code   158  fopen.o(.text)
    fopen                                    0x08000d1b   Thumb Code    74  fopen.o(.text)
    _fclose_internal                         0x08000d69   Thumb Code    76  fclose.o(.text)
    fclose                                   0x08000d69   Thumb Code     0  fclose.o(.text)
    exit                                     0x08000db5   Thumb Code    18  exit.o(.text)
    __rt_SIGRTRED                            0x08000dc7   Thumb Code    14  defsig_rtred_outer.o(.text)
    __user_libspace                          0x08000dd5   Thumb Code     8  libspace.o(.text)
    __user_perproc_libspace                  0x08000dd5   Thumb Code     0  libspace.o(.text)
    __user_perthread_libspace                0x08000dd5   Thumb Code     0  libspace.o(.text)
    __I$use$semihosting                      0x08000ddd   Thumb Code     0  use_no_semi.o(.text)
    __use_no_semihosting_swi                 0x08000ddd   Thumb Code     2  use_no_semi.o(.text)
    __semihosting_library_function           0x08000ddf   Thumb Code     0  indicate_semi.o(.text)
    __rt_heap_descriptor                     0x08000de1   Thumb Code     8  rt_heap_descriptor_intlibspace.o(.text)
    __use_no_heap                            0x08000de9   Thumb Code     2  hguard.o(.text)
    __heap$guard                             0x08000deb   Thumb Code     2  hguard.o(.text)
    _terminate_user_alloc                    0x08000ded   Thumb Code     2  init_alloc.o(.text)
    _init_user_alloc                         0x08000def   Thumb Code     2  init_alloc.o(.text)
    __Heap_Full                              0x08000df1   Thumb Code    34  init_alloc.o(.text)
    __Heap_Broken                            0x08000e13   Thumb Code     6  init_alloc.o(.text)
    _init_alloc                              0x08000e19   Thumb Code    94  init_alloc.o(.text)
    malloc                                   0x08000e77   Thumb Code    94  h1_alloc.o(.text)
    _fseek                                   0x08000ed5   Thumb Code   242  fseek.o(.text)
    fseek                                    0x08000ed5   Thumb Code     0  fseek.o(.text)
    _seterr                                  0x08000fcd   Thumb Code    20  stdio.o(.text)
    _writebuf                                0x08000fe1   Thumb Code    84  stdio.o(.text)
    _fflush                                  0x08001035   Thumb Code    70  stdio.o(.text)
    _deferredlazyseek                        0x0800107b   Thumb Code    60  stdio.o(.text)
    __sig_exit                               0x080010bd   Thumb Code    10  defsig_exit.o(.text)
    __rt_SIGRTRED_inner                      0x080010c9   Thumb Code    14  defsig_rtred_inner.o(.text)
    _sys_exit                                0x080010fd   Thumb Code     8  sys_exit.o(.text)
    __Heap_Initialize                        0x08001109   Thumb Code    10  h1_init.o(.text)
    __Heap_DescSize                          0x08001113   Thumb Code     4  h1_init.o(.text)
    __Heap_ProvideMemory                     0x08001117   Thumb Code    52  h1_extend.o(.text)
    _ftell_internal                          0x0800114b   Thumb Code    66  ftell.o(.text)
    ftell                                    0x0800114b   Thumb Code     0  ftell.o(.text)
    __default_signal_display                 0x0800118d   Thumb Code    50  defsig_general.o(.text)
    __rt_SIGRTMEM                            0x080011bf   Thumb Code    14  defsig_rtmem_outer.o(.text)
    _ttywrch                                 0x080011cd   Thumb Code    14  sys_wrch.o(.text)
    __aeabi_errno_addr                       0x080011dd   Thumb Code     8  rt_errno_addr_intlibspace.o(.text)
    __errno$intlibspace                      0x080011dd   Thumb Code     0  rt_errno_addr_intlibspace.o(.text)
    __rt_errno_addr$intlibspace              0x080011dd   Thumb Code     0  rt_errno_addr_intlibspace.o(.text)
    __rt_SIGRTMEM_inner                      0x080011e5   Thumb Code    22  defsig_rtmem_inner.o(.text)
    BusFault_Handler                         0x08001235   Thumb Code     4  stm32f4xx_it.o(i.BusFault_Handler)
    DebugMon_Handler                         0x08001239   Thumb Code     2  stm32f4xx_it.o(i.DebugMon_Handler)
    Delay_us                                 0x0800123d   Thumb Code    18  delay.o(i.Delay_us)
    EscribeLetra_L1                          0x08001701   Thumb Code   112  lcd.o(i.EscribeLetra_L1)
    EscribeLetra_L2                          0x08001781   Thumb Code   114  lcd.o(i.EscribeLetra_L2)
    GPIO_INIT                                0x08001805   Thumb Code   222  lcd.o(i.GPIO_INIT)
    HAL_DMA_Abort_IT                         0x080018f5   Thumb Code    40  stm32f4xx_hal_dma.o(i.HAL_DMA_Abort_IT)
    HAL_GPIO_DeInit                          0x0800191d   Thumb Code   336  stm32f4xx_hal_gpio.o(i.HAL_GPIO_DeInit)
    HAL_GPIO_Init                            0x08001a9d   Thumb Code   486  stm32f4xx_hal_gpio.o(i.HAL_GPIO_Init)
    HAL_GPIO_WritePin                        0x08001cb9   Thumb Code    12  stm32f4xx_hal_gpio.o(i.HAL_GPIO_WritePin)
    HAL_GetTick                              0x08001cc5   Thumb Code     6  stm32f4xx_hal.o(i.HAL_GetTick)
    HAL_IWDG_Init                            0x08001cd1   Thumb Code    80  stm32f4xx_hal_iwdg.o(i.HAL_IWDG_Init)
    HAL_IWDG_Refresh                         0x08001d21   Thumb Code    14  stm32f4xx_hal_iwdg.o(i.HAL_IWDG_Refresh)
    HAL_IncTick                              0x08001d31   Thumb Code    16  stm32f4xx_hal.o(i.HAL_IncTick)
    HAL_Init                                 0x08001d49   Thumb Code    44  stm32f4xx_hal.o(i.HAL_Init)
    HAL_InitTick                             0x08001d79   Thumb Code    64  stm32f4xx_hal.o(i.HAL_InitTick)
    HAL_MspInit                              0x08001dc5   Thumb Code     2  stm32f4xx_hal_msp.o(i.HAL_MspInit)
    HAL_NVIC_DisableIRQ                      0x08001dc9   Thumb Code    38  stm32f4xx_hal_cortex.o(i.HAL_NVIC_DisableIRQ)
    HAL_NVIC_SetPriority                     0x08001df5   Thumb Code   124  stm32f4xx_hal_cortex.o(i.HAL_NVIC_SetPriority)
    HAL_NVIC_SetPriorityGrouping             0x08001e71   Thumb Code    32  stm32f4xx_hal_cortex.o(i.HAL_NVIC_SetPriorityGrouping)
    HAL_PWREx_EnableOverDrive                0x08001e99   Thumb Code   128  stm32f4xx_hal_pwr_ex.o(i.HAL_PWREx_EnableOverDrive)
    HAL_RCC_ClockConfig                      0x08001f25   Thumb Code   368  stm32f4xx_hal_rcc.o(i.HAL_RCC_ClockConfig)
    HAL_RCC_GetHCLKFreq                      0x080020a9   Thumb Code     6  stm32f4xx_hal_rcc.o(i.HAL_RCC_GetHCLKFreq)
    HAL_RCC_GetPCLK2Freq                     0x080020b5   Thumb Code    22  stm32f4xx_hal_rcc.o(i.HAL_RCC_GetPCLK2Freq)
    HAL_RCC_GetSysClockFreq                  0x080020d5   Thumb Code   162  stm32f4xx_hal_rcc.o(i.HAL_RCC_GetSysClockFreq)
    HAL_RCC_OscConfig                        0x08002185   Thumb Code  1152  stm32f4xx_hal_rcc.o(i.HAL_RCC_OscConfig)
    HAL_SYSTICK_Config                       0x0800260d   Thumb Code    52  stm32f4xx_hal_cortex.o(i.HAL_SYSTICK_Config)
    HAL_TIMEx_MasterConfigSynchronization    0x08002641   Thumb Code   150  stm32f4xx_hal_tim_ex.o(i.HAL_TIMEx_MasterConfigSynchronization)
    HAL_TIM_Base_Init                        0x080026f5   Thumb Code    52  stm32f4xx_hal_tim.o(i.HAL_TIM_Base_Init)
    HAL_TIM_Base_MspInit                     0x08002729   Thumb Code    58  stm32f4xx_hal_msp.o(i.HAL_TIM_Base_MspInit)
    HAL_TIM_Base_Start                       0x0800276d   Thumb Code    42  stm32f4xx_hal_tim.o(i.HAL_TIM_Base_Start)
    HAL_TIM_ConfigClockSource                0x08002797   Thumb Code   264  stm32f4xx_hal_tim.o(i.HAL_TIM_ConfigClockSource)
    HardFault_Handler                        0x0800289f   Thumb Code     4  stm32f4xx_it.o(i.HardFault_Handler)
    Init_Delay                               0x080028a5   Thumb Code   118  delay.o(i.Init_Delay)
    LCD_reset                                0x08002925   Thumb Code   154  lcd.o(i.LCD_reset)
    MemManage_Handler                        0x080029cd   Thumb Code     4  stm32f4xx_it.o(i.MemManage_Handler)
    NMI_Handler                              0x080029d1   Thumb Code     2  stm32f4xx_it.o(i.NMI_Handler)
    PendSV_Handler                           0x080029d3   Thumb Code     2  stm32f4xx_it.o(i.PendSV_Handler)
    SPI1_IRQHandler                          0x08002a0d   Thumb Code    10  spi_stm32f4xx.o(i.SPI1_IRQHandler)
    SVC_Handler                              0x08003693   Thumb Code     2  stm32f4xx_it.o(i.SVC_Handler)
    SysTick_Handler                          0x08003695   Thumb Code     8  stm32f4xx_it.o(i.SysTick_Handler)
    SystemCoreClockUpdate                    0x08003765   Thumb Code   170  system_stm32f4xx.o(i.SystemCoreClockUpdate)
    SystemInit                               0x08003825   Thumb Code    24  system_stm32f4xx.o(i.SystemInit)
    TIM_Base_SetConfig                       0x08003841   Thumb Code   170  stm32f4xx_hal_tim.o(i.TIM_Base_SetConfig)
    TIM_ETR_SetConfig                        0x08003919   Thumb Code    22  stm32f4xx_hal_tim.o(i.TIM_ETR_SetConfig)
    UsageFault_Handler                       0x0800398f   Thumb Code     4  stm32f4xx_it.o(i.UsageFault_Handler)
    _is_digit                                0x080039cd   Thumb Code    14  __printf_wp.o(i._is_digit)
    actualizar                               0x080039dd   Thumb Code   130  lcd.o(i.actualizar)
    copy_to_lcd                              0x08003a75   Thumb Code   156  lcd.o(i.copy_to_lcd)
    fputc                                    0x08003b15   Thumb Code    26  fputc.o(i.fputc)
    init_Watchdog                            0x08003b31   Thumb Code    34  watchdog.o(i.init_Watchdog)
    lcd_clean                                0x08003b5d   Thumb Code    26  lcd.o(i.lcd_clean)
    main                                     0x08003b7d   Thumb Code    74  main.o(i.main)
    pant_neg                                 0x08003bcd   Thumb Code    26  lcd.o(i.pant_neg)
    reset_Watchdog                           0x08003bed   Thumb Code    10  watchdog.o(i.reset_Watchdog)
    wr_cmd                                   0x08003bfd   Thumb Code    86  lcd.o(i.wr_cmd)
    wr_data                                  0x08003c61   Thumb Code    86  lcd.o(i.wr_data)
    _fp_init                                 0x08003cc5   Thumb Code    10  fpinit.o(x$fpl$fpinit)
    __fplib_config_fpu_vfp                   0x08003ccd   Thumb Code     0  fpinit.o(x$fpl$fpinit)
    __fplib_config_pureend_doubles           0x08003ccd   Thumb Code     0  fpinit.o(x$fpl$fpinit)
    Arial12x12                               0x08003cce   Data        2400  lcd.o(.constdata)
    Driver_SPI1                              0x08004684   Data          44  spi_stm32f4xx.o(.constdata)
    AHBPrescTable                            0x080046b0   Data          16  system_stm32f4xx.o(.constdata)
    APBPrescTable                            0x080046c0   Data           8  system_stm32f4xx.o(.constdata)
    __stdin_name                             0x08004701   Data           4  sys_io.o(.constdata)
    __stdout_name                            0x08004705   Data           4  sys_io.o(.constdata)
    __stderr_name                            0x08004709   Data           4  sys_io.o(.constdata)
    Region$$Table$$Base                      0x08004710   Number         0  anon$$obj.o(Region$$Table)
    Region$$Table$$Limit                     0x08004730   Number         0  anon$$obj.o(Region$$Table)
    XBEE_Tx                                  0x20000000   Data           8  lcd.o(.data)
    XBEE_Rx                                  0x20000008   Data           8  lcd.o(.data)
    XBEE_STATUS                              0x20000010   Data           8  lcd.o(.data)
    XBEE_NRST                                0x20000018   Data           8  lcd.o(.data)
    SW_CENTER                                0x20000020   Data           8  lcd.o(.data)
    LED_RED                                  0x20000028   Data           8  lcd.o(.data)
    SPEAKER                                  0x20000030   Data           8  lcd.o(.data)
    LCD_A0                                   0x20000038   Data           8  lcd.o(.data)
    LED_BLUE                                 0x20000040   Data           8  lcd.o(.data)
    LED_GREEN                                0x20000048   Data           8  lcd.o(.data)
    LCD_CS_N                                 0x20000050   Data           8  lcd.o(.data)
    LCD_MOSI                                 0x20000058   Data           8  lcd.o(.data)
    LCD_RESET                                0x20000060   Data           8  lcd.o(.data)
    LCD_SCK                                  0x20000068   Data           8  lcd.o(.data)
    SDA                                      0x20000070   Data           8  lcd.o(.data)
    SCL                                      0x20000078   Data           8  lcd.o(.data)
    SW_RIGHT                                 0x20000080   Data           8  lcd.o(.data)
    SW_LEFT                                  0x20000088   Data           8  lcd.o(.data)
    SW_DOWN                                  0x20000090   Data           8  lcd.o(.data)
    SW_UP                                    0x20000098   Data           8  lcd.o(.data)
    POT_2                                    0x200000a0   Data           8  lcd.o(.data)
    POT_3                                    0x200000a8   Data           8  lcd.o(.data)
    posicionL1                               0x200000b0   Data           1  lcd.o(.data)
    posicionL2                               0x200000b2   Data           2  lcd.o(.data)
    comienzo                                 0x200000b4   Data           2  lcd.o(.data)
    j                                        0x200000b8   Data           4  lcd.o(.data)
    recoger1                                 0x200000bc   Data           1  lcd.o(.data)
    recoger2                                 0x200000be   Data           2  lcd.o(.data)
    SPIdrv                                   0x200000c0   Data           4  lcd.o(.data)
    uwTick                                   0x200000c4   Data           4  stm32f4xx_hal.o(.data)
    uwTickPrio                               0x200000c8   Data           4  stm32f4xx_hal.o(.data)
    uwTickFreq                               0x200000cc   Data           1  stm32f4xx_hal.o(.data)
    SystemCoreClock                          0x200000d0   Data           4  system_stm32f4xx.o(.data)
    __aeabi_stdin                            0x200000d4   Data           4  stdio_streams.o(.data)
    __aeabi_stdout                           0x200000d8   Data           4  stdio_streams.o(.data)
    __aeabi_stderr                           0x200000dc   Data           4  stdio_streams.o(.data)
    text                                     0x200000e0   Data          42  main.o(.bss)
    buffer                                   0x2000010a   Data         512  lcd.o(.bss)
    L1                                       0x2000030a   Data         128  lcd.o(.bss)
    L2                                       0x2000038a   Data         128  lcd.o(.bss)
    lcd_text                                 0x2000040a   Data          42  lcd.o(.bss)
    htim6                                    0x20000434   Data          64  delay.o(.bss)
    IwdgHandle                               0x20000474   Data          12  watchdog.o(.bss)
    __stdin                                  0x200004ac   Data          84  stdio_streams.o(.bss)
    __stdout                                 0x20000500   Data          84  stdio_streams.o(.bss)
    __stderr                                 0x20000554   Data          84  stdio_streams.o(.bss)
    __libspace_start                         0x200005a8   Data          96  libspace.o(.bss)
    __temporary_stack_top$libspace           0x20000608   Data           0  libspace.o(.bss)



==============================================================================

Memory Map of the image

  Image Entry point : 0x080001ad

  Load Region LR_IROM1 (Base: 0x08000000, Size: 0x00004810, Max: 0x00200000, ABSOLUTE)

    Execution Region ER_IROM1 (Exec base: 0x08000000, Load base: 0x08000000, Size: 0x00004730, Max: 0x00200000, ABSOLUTE)

    Exec Addr    Load Addr    Size         Type   Attr      Idx    E Section Name        Object

    0x08000000   0x08000000   0x000001ac   Data   RO         2831    RESET               startup_stm32f429xx.o
    0x080001ac   0x080001ac   0x00000008   Code   RO         2970  * !!!main             c_w.l(__main.o)
    0x080001b4   0x080001b4   0x00000034   Code   RO         3329    !!!scatter          c_w.l(__scatter.o)
    0x080001e8   0x080001e8   0x0000001a   Code   RO         3331    !!handler_copy      c_w.l(__scatter_copy.o)
    0x08000202   0x08000202   0x00000002   PAD
    0x08000204   0x08000204   0x0000001c   Code   RO         3333    !!handler_zi        c_w.l(__scatter_zi.o)
    0x08000220   0x08000220   0x00000000   Code   RO         2963    .ARM.Collect$$_printf_percent$$00000000  c_w.l(_printf_percent.o)
    0x08000220   0x08000220   0x00000006   Code   RO         2961    .ARM.Collect$$_printf_percent$$00000001  c_w.l(_printf_n.o)
    0x08000226   0x08000226   0x00000006   Code   RO         2962    .ARM.Collect$$_printf_percent$$00000002  c_w.l(_printf_p.o)
    0x0800022c   0x0800022c   0x00000006   Code   RO         2960    .ARM.Collect$$_printf_percent$$00000014  c_w.l(_printf_s.o)
    0x08000232   0x08000232   0x00000004   Code   RO         2983    .ARM.Collect$$_printf_percent$$00000017  c_w.l(_printf_percent_end.o)
    0x08000236   0x08000236   0x00000002   Code   RO         3118    .ARM.Collect$$libinit$$00000000  c_w.l(libinit.o)
    0x08000238   0x08000238   0x00000004   Code   RO         3119    .ARM.Collect$$libinit$$00000001  c_w.l(libinit2.o)
    0x0800023c   0x0800023c   0x00000000   Code   RO         3122    .ARM.Collect$$libinit$$00000004  c_w.l(libinit2.o)
    0x0800023c   0x0800023c   0x00000008   Code   RO         3123    .ARM.Collect$$libinit$$00000005  c_w.l(libinit2.o)
    0x08000244   0x08000244   0x00000000   Code   RO         3125    .ARM.Collect$$libinit$$0000000A  c_w.l(libinit2.o)
    0x08000244   0x08000244   0x00000000   Code   RO         3127    .ARM.Collect$$libinit$$0000000C  c_w.l(libinit2.o)
    0x08000244   0x08000244   0x00000000   Code   RO         3129    .ARM.Collect$$libinit$$0000000E  c_w.l(libinit2.o)
    0x08000244   0x08000244   0x00000000   Code   RO         3132    .ARM.Collect$$libinit$$00000011  c_w.l(libinit2.o)
    0x08000244   0x08000244   0x00000000   Code   RO         3134    .ARM.Collect$$libinit$$00000013  c_w.l(libinit2.o)
    0x08000244   0x08000244   0x00000000   Code   RO         3136    .ARM.Collect$$libinit$$00000015  c_w.l(libinit2.o)
    0x08000244   0x08000244   0x00000000   Code   RO         3138    .ARM.Collect$$libinit$$00000017  c_w.l(libinit2.o)
    0x08000244   0x08000244   0x00000000   Code   RO         3140    .ARM.Collect$$libinit$$00000019  c_w.l(libinit2.o)
    0x08000244   0x08000244   0x00000000   Code   RO         3142    .ARM.Collect$$libinit$$0000001B  c_w.l(libinit2.o)
    0x08000244   0x08000244   0x00000000   Code   RO         3144    .ARM.Collect$$libinit$$0000001D  c_w.l(libinit2.o)
    0x08000244   0x08000244   0x00000000   Code   RO         3146    .ARM.Collect$$libinit$$0000001F  c_w.l(libinit2.o)
    0x08000244   0x08000244   0x00000000   Code   RO         3148    .ARM.Collect$$libinit$$00000021  c_w.l(libinit2.o)
    0x08000244   0x08000244   0x00000000   Code   RO         3150    .ARM.Collect$$libinit$$00000023  c_w.l(libinit2.o)
    0x08000244   0x08000244   0x00000004   Code   RO         3151    .ARM.Collect$$libinit$$00000024  c_w.l(libinit2.o)
    0x08000248   0x08000248   0x00000000   Code   RO         3152    .ARM.Collect$$libinit$$00000025  c_w.l(libinit2.o)
    0x08000248   0x08000248   0x00000000   Code   RO         3156    .ARM.Collect$$libinit$$0000002C  c_w.l(libinit2.o)
    0x08000248   0x08000248   0x00000000   Code   RO         3158    .ARM.Collect$$libinit$$0000002E  c_w.l(libinit2.o)
    0x08000248   0x08000248   0x00000000   Code   RO         3160    .ARM.Collect$$libinit$$00000030  c_w.l(libinit2.o)
    0x08000248   0x08000248   0x00000000   Code   RO         3162    .ARM.Collect$$libinit$$00000032  c_w.l(libinit2.o)
    0x08000248   0x08000248   0x00000002   Code   RO         3163    .ARM.Collect$$libinit$$00000033  c_w.l(libinit2.o)
    0x0800024a   0x0800024a   0x00000002   Code   RO         3310    .ARM.Collect$$libshutdown$$00000000  c_w.l(libshutdown.o)
    0x0800024c   0x0800024c   0x00000000   Code   RO         3165    .ARM.Collect$$libshutdown$$00000002  c_w.l(libshutdown2.o)
    0x0800024c   0x0800024c   0x00000004   Code   RO         3166    .ARM.Collect$$libshutdown$$00000003  c_w.l(libshutdown2.o)
    0x08000250   0x08000250   0x00000000   Code   RO         3167    .ARM.Collect$$libshutdown$$00000004  c_w.l(libshutdown2.o)
    0x08000250   0x08000250   0x00000000   Code   RO         3170    .ARM.Collect$$libshutdown$$00000007  c_w.l(libshutdown2.o)
    0x08000250   0x08000250   0x00000000   Code   RO         3173    .ARM.Collect$$libshutdown$$0000000A  c_w.l(libshutdown2.o)
    0x08000250   0x08000250   0x00000000   Code   RO         3175    .ARM.Collect$$libshutdown$$0000000C  c_w.l(libshutdown2.o)
    0x08000250   0x08000250   0x00000000   Code   RO         3178    .ARM.Collect$$libshutdown$$0000000F  c_w.l(libshutdown2.o)
    0x08000250   0x08000250   0x00000002   Code   RO         3179    .ARM.Collect$$libshutdown$$00000010  c_w.l(libshutdown2.o)
    0x08000252   0x08000252   0x00000000   Code   RO         2972    .ARM.Collect$$rtentry$$00000000  c_w.l(__rtentry.o)
    0x08000252   0x08000252   0x00000000   Code   RO         2991    .ARM.Collect$$rtentry$$00000002  c_w.l(__rtentry2.o)
    0x08000252   0x08000252   0x00000006   Code   RO         3003    .ARM.Collect$$rtentry$$00000004  c_w.l(__rtentry4.o)
    0x08000258   0x08000258   0x00000000   Code   RO         2993    .ARM.Collect$$rtentry$$00000009  c_w.l(__rtentry2.o)
    0x08000258   0x08000258   0x00000004   Code   RO         2994    .ARM.Collect$$rtentry$$0000000A  c_w.l(__rtentry2.o)
    0x0800025c   0x0800025c   0x00000000   Code   RO         2996    .ARM.Collect$$rtentry$$0000000C  c_w.l(__rtentry2.o)
    0x0800025c   0x0800025c   0x00000008   Code   RO         2997    .ARM.Collect$$rtentry$$0000000D  c_w.l(__rtentry2.o)
    0x08000264   0x08000264   0x00000002   Code   RO         3188    .ARM.Collect$$rtexit$$00000000  c_w.l(rtexit.o)
    0x08000266   0x08000266   0x00000000   Code   RO         3246    .ARM.Collect$$rtexit$$00000002  c_w.l(rtexit2.o)
    0x08000266   0x08000266   0x00000004   Code   RO         3247    .ARM.Collect$$rtexit$$00000003  c_w.l(rtexit2.o)
    0x0800026a   0x0800026a   0x00000006   Code   RO         3248    .ARM.Collect$$rtexit$$00000004  c_w.l(rtexit2.o)
    0x08000270   0x08000270   0x00000000   Code   RO         3252    .emb_text           c_w.l(maybetermalloc1.o)
    0x08000270   0x08000270   0x00000040   Code   RO         2832    .text               startup_stm32f429xx.o
    0x080002b0   0x080002b0   0x000000ee   Code   RO         2905    .text               c_w.l(lludivv7m.o)
    0x0800039e   0x0800039e   0x00000002   PAD
    0x080003a0   0x080003a0   0x00000018   Code   RO         2909    .text               c_w.l(noretval__2printf.o)
    0x080003b8   0x080003b8   0x0000004e   Code   RO         2913    .text               c_w.l(_printf_pad.o)
    0x08000406   0x08000406   0x00000052   Code   RO         2915    .text               c_w.l(_printf_str.o)
    0x08000458   0x08000458   0x00000028   Code   RO         2917    .text               c_w.l(_printf_charcount.o)
    0x08000480   0x08000480   0x00000054   Code   RO         2928    .text               c_w.l(_printf_hex_ptr.o)
    0x080004d4   0x080004d4   0x00000188   Code   RO         2957    .text               c_w.l(__printf_flags_ss_wp.o)
    0x0800065c   0x0800065c   0x0000003e   Code   RO         2964    .text               c_w.l(strlen.o)
    0x0800069a   0x0800069a   0x0000004e   Code   RO         2966    .text               c_w.l(rt_memclr_w.o)
    0x080006e8   0x080006e8   0x00000006   Code   RO         2968    .text               c_w.l(heapauxi.o)
    0x080006ee   0x080006ee   0x000000b2   Code   RO         2977    .text               c_w.l(_printf_intcommon.o)
    0x080007a0   0x080007a0   0x0000002c   Code   RO         2979    .text               c_w.l(_printf_char.o)
    0x080007cc   0x080007cc   0x00000024   Code   RO         2981    .text               c_w.l(_printf_char_file.o)
    0x080007f0   0x080007f0   0x00000030   Code   RO         3007    .text               c_w.l(_printf_char_common.o)
    0x08000820   0x08000820   0x00000008   Code   RO         3009    .text               c_w.l(ferror.o)
    0x08000828   0x08000828   0x00000138   Code   RO         3015    .text               c_w.l(initio.o)
    0x08000960   0x08000960   0x00000066   Code   RO         3023    .text               c_w.l(sys_io.o)
    0x080009c6   0x080009c6   0x0000004a   Code   RO         3030    .text               c_w.l(sys_stackheap_outer.o)
    0x08000a10   0x08000a10   0x0000004e   Code   RO         3034    .text               c_w.l(h1_free.o)
    0x08000a5e   0x08000a5e   0x000001d6   Code   RO         3090    .text               c_w.l(flsbuf.o)
    0x08000c34   0x08000c34   0x00000046   Code   RO         3092    .text               c_w.l(setvbuf.o)
    0x08000c7a   0x08000c7a   0x00000002   PAD
    0x08000c7c   0x08000c7c   0x000000ec   Code   RO         3095    .text               c_w.l(fopen.o)
    0x08000d68   0x08000d68   0x0000004c   Code   RO         3097    .text               c_w.l(fclose.o)
    0x08000db4   0x08000db4   0x00000012   Code   RO         3103    .text               c_w.l(exit.o)
    0x08000dc6   0x08000dc6   0x0000000e   Code   RO         3109    .text               c_w.l(defsig_rtred_outer.o)
    0x08000dd4   0x08000dd4   0x00000008   Code   RO         3182    .text               c_w.l(libspace.o)
    0x08000ddc   0x08000ddc   0x00000002   Code   RO         3185    .text               c_w.l(use_no_semi.o)
    0x08000dde   0x08000dde   0x00000000   Code   RO         3187    .text               c_w.l(indicate_semi.o)
    0x08000dde   0x08000dde   0x00000002   PAD
    0x08000de0   0x08000de0   0x00000008   Code   RO         3195    .text               c_w.l(rt_heap_descriptor_intlibspace.o)
    0x08000de8   0x08000de8   0x00000004   Code   RO         3197    .text               c_w.l(hguard.o)
    0x08000dec   0x08000dec   0x0000008a   Code   RO         3199    .text               c_w.l(init_alloc.o)
    0x08000e76   0x08000e76   0x0000005e   Code   RO         3205    .text               c_w.l(h1_alloc.o)
    0x08000ed4   0x08000ed4   0x000000f8   Code   RO         3221    .text               c_w.l(fseek.o)
    0x08000fcc   0x08000fcc   0x000000f0   Code   RO         3223    .text               c_w.l(stdio.o)
    0x080010bc   0x080010bc   0x0000000a   Code   RO         3229    .text               c_w.l(defsig_exit.o)
    0x080010c6   0x080010c6   0x00000002   PAD
    0x080010c8   0x080010c8   0x00000034   Code   RO         3233    .text               c_w.l(defsig_rtred_inner.o)
    0x080010fc   0x080010fc   0x0000000c   Code   RO         3243    .text               c_w.l(sys_exit.o)
    0x08001108   0x08001108   0x0000000e   Code   RO         3254    .text               c_w.l(h1_init.o)
    0x08001116   0x08001116   0x00000034   Code   RO         3256    .text               c_w.l(h1_extend.o)
    0x0800114a   0x0800114a   0x00000042   Code   RO         3266    .text               c_w.l(ftell.o)
    0x0800118c   0x0800118c   0x00000032   Code   RO         3274    .text               c_w.l(defsig_general.o)
    0x080011be   0x080011be   0x0000000e   Code   RO         3276    .text               c_w.l(defsig_rtmem_outer.o)
    0x080011cc   0x080011cc   0x0000000e   Code   RO         3291    .text               c_w.l(sys_wrch.o)
    0x080011da   0x080011da   0x00000002   PAD
    0x080011dc   0x080011dc   0x00000008   Code   RO         3298    .text               c_w.l(rt_errno_addr_intlibspace.o)
    0x080011e4   0x080011e4   0x00000050   Code   RO         3304    .text               c_w.l(defsig_rtmem_inner.o)
    0x08001234   0x08001234   0x00000004   Code   RO          266    i.BusFault_Handler  stm32f4xx_it.o
    0x08001238   0x08001238   0x00000002   Code   RO          267    i.DebugMon_Handler  stm32f4xx_it.o
    0x0800123a   0x0800123a   0x00000002   PAD
    0x0800123c   0x0800123c   0x00000018   Code   RO          390    i.Delay_us          delay.o
    0x08001254   0x08001254   0x0000009c   Code   RO          461    i.Disable_SPI_Clock  spi_stm32f4xx.o
    0x080012f0   0x080012f0   0x000001d8   Code   RO          462    i.Enable_GPIO_Clock  spi_stm32f4xx.o
    0x080014c8   0x080014c8   0x0000010c   Code   RO          463    i.Enable_SPI_Clock  spi_stm32f4xx.o
    0x080015d4   0x080015d4   0x0000012c   Code   RO            4    i.Error_Handler     main.o
    0x08001700   0x08001700   0x00000080   Code   RO          159    i.EscribeLetra_L1   lcd.o
    0x08001780   0x08001780   0x00000084   Code   RO          160    i.EscribeLetra_L2   lcd.o
    0x08001804   0x08001804   0x000000f0   Code   RO          161    i.GPIO_INIT         lcd.o
    0x080018f4   0x080018f4   0x00000028   Code   RO          982    i.HAL_DMA_Abort_IT  stm32f4xx_hal_dma.o
    0x0800191c   0x0800191c   0x00000180   Code   RO         1125    i.HAL_GPIO_DeInit   stm32f4xx_hal_gpio.o
    0x08001a9c   0x08001a9c   0x0000021c   Code   RO         1128    i.HAL_GPIO_Init     stm32f4xx_hal_gpio.o
    0x08001cb8   0x08001cb8   0x0000000c   Code   RO         1132    i.HAL_GPIO_WritePin  stm32f4xx_hal_gpio.o
    0x08001cc4   0x08001cc4   0x0000000c   Code   RO          655    i.HAL_GetTick       stm32f4xx_hal.o
    0x08001cd0   0x08001cd0   0x00000050   Code   RO         2876    i.HAL_IWDG_Init     stm32f4xx_hal_iwdg.o
    0x08001d20   0x08001d20   0x0000000e   Code   RO         2877    i.HAL_IWDG_Refresh  stm32f4xx_hal_iwdg.o
    0x08001d2e   0x08001d2e   0x00000002   PAD
    0x08001d30   0x08001d30   0x00000018   Code   RO          661    i.HAL_IncTick       stm32f4xx_hal.o
    0x08001d48   0x08001d48   0x00000030   Code   RO          662    i.HAL_Init          stm32f4xx_hal.o
    0x08001d78   0x08001d78   0x0000004c   Code   RO          663    i.HAL_InitTick      stm32f4xx_hal.o
    0x08001dc4   0x08001dc4   0x00000002   Code   RO          342    i.HAL_MspInit       stm32f4xx_hal_msp.o
    0x08001dc6   0x08001dc6   0x00000002   PAD
    0x08001dc8   0x08001dc8   0x0000002c   Code   RO          842    i.HAL_NVIC_DisableIRQ  stm32f4xx_hal_cortex.o
    0x08001df4   0x08001df4   0x0000007c   Code   RO          849    i.HAL_NVIC_SetPriority  stm32f4xx_hal_cortex.o
    0x08001e70   0x08001e70   0x00000028   Code   RO          850    i.HAL_NVIC_SetPriorityGrouping  stm32f4xx_hal_cortex.o
    0x08001e98   0x08001e98   0x0000008c   Code   RO         1317    i.HAL_PWREx_EnableOverDrive  stm32f4xx_hal_pwr_ex.o
    0x08001f24   0x08001f24   0x00000184   Code   RO         1384    i.HAL_RCC_ClockConfig  stm32f4xx_hal_rcc.o
    0x080020a8   0x080020a8   0x0000000c   Code   RO         1389    i.HAL_RCC_GetHCLKFreq  stm32f4xx_hal_rcc.o
    0x080020b4   0x080020b4   0x00000020   Code   RO         1392    i.HAL_RCC_GetPCLK2Freq  stm32f4xx_hal_rcc.o
    0x080020d4   0x080020d4   0x000000b0   Code   RO         1393    i.HAL_RCC_GetSysClockFreq  stm32f4xx_hal_rcc.o
    0x08002184   0x08002184   0x00000488   Code   RO         1396    i.HAL_RCC_OscConfig  stm32f4xx_hal_rcc.o
    0x0800260c   0x0800260c   0x00000034   Code   RO          854    i.HAL_SYSTICK_Config  stm32f4xx_hal_cortex.o
    0x08002640   0x08002640   0x000000b4   Code   RO         2599    i.HAL_TIMEx_MasterConfigSynchronization  stm32f4xx_hal_tim_ex.o
    0x080026f4   0x080026f4   0x00000034   Code   RO         1895    i.HAL_TIM_Base_Init  stm32f4xx_hal_tim.o
    0x08002728   0x08002728   0x00000044   Code   RO          345    i.HAL_TIM_Base_MspInit  stm32f4xx_hal_msp.o
    0x0800276c   0x0800276c   0x0000002a   Code   RO         1898    i.HAL_TIM_Base_Start  stm32f4xx_hal_tim.o
    0x08002796   0x08002796   0x00000108   Code   RO         1904    i.HAL_TIM_ConfigClockSource  stm32f4xx_hal_tim.o
    0x0800289e   0x0800289e   0x00000004   Code   RO          268    i.HardFault_Handler  stm32f4xx_it.o
    0x080028a2   0x080028a2   0x00000002   PAD
    0x080028a4   0x080028a4   0x00000080   Code   RO          391    i.Init_Delay        delay.o
    0x08002924   0x08002924   0x000000a8   Code   RO          162    i.LCD_reset         lcd.o
    0x080029cc   0x080029cc   0x00000004   Code   RO          269    i.MemManage_Handler  stm32f4xx_it.o
    0x080029d0   0x080029d0   0x00000002   Code   RO          270    i.NMI_Handler       stm32f4xx_it.o
    0x080029d2   0x080029d2   0x00000002   Code   RO          271    i.PendSV_Handler    stm32f4xx_it.o
    0x080029d4   0x080029d4   0x00000018   Code   RO          464    i.SPI1_Control      spi_stm32f4xx.o
    0x080029ec   0x080029ec   0x00000010   Code   RO          465    i.SPI1_GetDataCount  spi_stm32f4xx.o
    0x080029fc   0x080029fc   0x00000010   Code   RO          466    i.SPI1_GetStatus    spi_stm32f4xx.o
    0x08002a0c   0x08002a0c   0x00000010   Code   RO          467    i.SPI1_IRQHandler   spi_stm32f4xx.o
    0x08002a1c   0x08002a1c   0x00000014   Code   RO          468    i.SPI1_Initialize   spi_stm32f4xx.o
    0x08002a30   0x08002a30   0x00000014   Code   RO          469    i.SPI1_PowerControl  spi_stm32f4xx.o
    0x08002a44   0x08002a44   0x00000018   Code   RO          470    i.SPI1_Receive      spi_stm32f4xx.o
    0x08002a5c   0x08002a5c   0x00000018   Code   RO          471    i.SPI1_Send         spi_stm32f4xx.o
    0x08002a74   0x08002a74   0x0000001c   Code   RO          472    i.SPI1_Transfer     spi_stm32f4xx.o
    0x08002a90   0x08002a90   0x00000010   Code   RO          473    i.SPI1_Uninitialize  spi_stm32f4xx.o
    0x08002aa0   0x08002aa0   0x0000000c   Code   RO          474    i.SPIX_GetCapabilities  spi_stm32f4xx.o
    0x08002aac   0x08002aac   0x00000010   Code   RO          475    i.SPIX_GetVersion   spi_stm32f4xx.o
    0x08002abc   0x08002abc   0x0000050a   Code   RO          476    i.SPI_Control       spi_stm32f4xx.o
    0x08002fc6   0x08002fc6   0x00000008   Code   RO          477    i.SPI_GetDataCount  spi_stm32f4xx.o
    0x08002fce   0x08002fce   0x0000002c   Code   RO          478    i.SPI_GetStatus     spi_stm32f4xx.o
    0x08002ffa   0x08002ffa   0x00000106   Code   RO          479    i.SPI_IRQHandler    spi_stm32f4xx.o
    0x08003100   0x08003100   0x000000d4   Code   RO          480    i.SPI_Initialize    spi_stm32f4xx.o
    0x080031d4   0x080031d4   0x00000124   Code   RO          481    i.SPI_PeripheralReset  spi_stm32f4xx.o
    0x080032f8   0x080032f8   0x00000104   Code   RO          482    i.SPI_PowerControl  spi_stm32f4xx.o
    0x080033fc   0x080033fc   0x00000088   Code   RO          483    i.SPI_Receive       spi_stm32f4xx.o
    0x08003484   0x08003484   0x00000056   Code   RO          484    i.SPI_RxData        spi_stm32f4xx.o
    0x080034da   0x080034da   0x00000088   Code   RO          485    i.SPI_Send          spi_stm32f4xx.o
    0x08003562   0x08003562   0x00000076   Code   RO          486    i.SPI_Transfer      spi_stm32f4xx.o
    0x080035d8   0x080035d8   0x00000054   Code   RO          487    i.SPI_TxData        spi_stm32f4xx.o
    0x0800362c   0x0800362c   0x00000066   Code   RO          488    i.SPI_Uninitialize  spi_stm32f4xx.o
    0x08003692   0x08003692   0x00000002   Code   RO          272    i.SVC_Handler       stm32f4xx_it.o
    0x08003694   0x08003694   0x00000008   Code   RO          273    i.SysTick_Handler   stm32f4xx_it.o
    0x0800369c   0x0800369c   0x000000c8   Code   RO            5    i.SystemClock_Config  main.o
    0x08003764   0x08003764   0x000000c0   Code   RO         2839    i.SystemCoreClockUpdate  system_stm32f4xx.o
    0x08003824   0x08003824   0x0000001c   Code   RO         2840    i.SystemInit        system_stm32f4xx.o
    0x08003840   0x08003840   0x000000d8   Code   RO         1983    i.TIM_Base_SetConfig  stm32f4xx_hal_tim.o
    0x08003918   0x08003918   0x00000016   Code   RO         1994    i.TIM_ETR_SetConfig  stm32f4xx_hal_tim.o
    0x0800392e   0x0800392e   0x00000012   Code   RO         1995    i.TIM_ITRx_SetConfig  stm32f4xx_hal_tim.o
    0x08003940   0x08003940   0x00000026   Code   RO         2001    i.TIM_TI1_ConfigInputStage  stm32f4xx_hal_tim.o
    0x08003966   0x08003966   0x00000028   Code   RO         2003    i.TIM_TI2_ConfigInputStage  stm32f4xx_hal_tim.o
    0x0800398e   0x0800398e   0x00000004   Code   RO          274    i.UsageFault_Handler  stm32f4xx_it.o
    0x08003992   0x08003992   0x00000002   PAD
    0x08003994   0x08003994   0x00000010   Code   RO          856    i.__NVIC_GetPriorityGrouping  stm32f4xx_hal_cortex.o
    0x080039a4   0x080039a4   0x00000028   Code   RO          857    i.__NVIC_SetPriority  stm32f4xx_hal_cortex.o
    0x080039cc   0x080039cc   0x0000000e   Code   RO         2950    i._is_digit         c_w.l(__printf_wp.o)
    0x080039da   0x080039da   0x00000002   PAD
    0x080039dc   0x080039dc   0x00000098   Code   RO          163    i.actualizar        lcd.o
    0x08003a74   0x08003a74   0x000000a0   Code   RO          164    i.copy_to_lcd       lcd.o
    0x08003b14   0x08003b14   0x0000001a   Code   RO         3012    i.fputc             c_w.l(fputc.o)
    0x08003b2e   0x08003b2e   0x00000002   PAD
    0x08003b30   0x08003b30   0x0000002c   Code   RO          428    i.init_Watchdog     watchdog.o
    0x08003b5c   0x08003b5c   0x00000020   Code   RO          165    i.lcd_clean         lcd.o
    0x08003b7c   0x08003b7c   0x00000050   Code   RO            6    i.main              main.o
    0x08003bcc   0x08003bcc   0x00000020   Code   RO          166    i.pant_neg          lcd.o
    0x08003bec   0x08003bec   0x00000010   Code   RO          429    i.reset_Watchdog    watchdog.o
    0x08003bfc   0x08003bfc   0x00000064   Code   RO          167    i.wr_cmd            lcd.o
    0x08003c60   0x08003c60   0x00000064   Code   RO          168    i.wr_data           lcd.o
    0x08003cc4   0x08003cc4   0x0000000a   Code   RO         3241    x$fpl$fpinit        fz_wm.l(fpinit.o)
    0x08003cce   0x08003cce   0x00000960   Data   RO          170    .constdata          lcd.o
    0x0800462e   0x0800462e   0x00000002   PAD
    0x08004630   0x08004630   0x00000080   Data   RO          490    .constdata          spi_stm32f4xx.o
    0x080046b0   0x080046b0   0x00000018   Data   RO         2841    .constdata          system_stm32f4xx.o
    0x080046c8   0x080046c8   0x00000028   Data   RO         2929    .constdata          c_w.l(_printf_hex_ptr.o)
    0x080046f0   0x080046f0   0x00000011   Data   RO         2958    .constdata          c_w.l(__printf_flags_ss_wp.o)
    0x08004701   0x08004701   0x00000004   Data   RO         3024    .constdata          c_w.l(sys_io.o)
    0x08004705   0x08004705   0x00000004   Data   RO         3025    .constdata          c_w.l(sys_io.o)
    0x08004709   0x08004709   0x00000004   Data   RO         3026    .constdata          c_w.l(sys_io.o)
    0x0800470d   0x0800470d   0x00000003   PAD
    0x08004710   0x08004710   0x00000020   Data   RO         3327    Region$$Table       anon$$obj.o


    Execution Region RW_IRAM1 (Exec base: 0x20000000, Load base: 0x08004730, Size: 0x00000c08, Max: 0x00030000, ABSOLUTE)

    Exec Addr    Load Addr    Size         Type   Attr      Idx    E Section Name        Object

    0x20000000   0x08004730   0x000000c4   Data   RW          171    .data               lcd.o
    0x200000c4   0x080047f4   0x00000009   Data   RW          669    .data               stm32f4xx_hal.o
    0x200000cd   0x080047fd   0x00000003   PAD
    0x200000d0   0x08004800   0x00000004   Data   RW         2842    .data               system_stm32f4xx.o
    0x200000d4   0x08004804   0x00000004   Data   RW         2987    .data               c_w.l(stdio_streams.o)
    0x200000d8   0x08004808   0x00000004   Data   RW         2988    .data               c_w.l(stdio_streams.o)
    0x200000dc   0x0800480c   0x00000004   Data   RW         2989    .data               c_w.l(stdio_streams.o)
    0x200000e0        -       0x0000002a   Zero   RW            7    .bss                main.o
    0x2000010a        -       0x0000032a   Zero   RW          169    .bss                lcd.o
    0x20000434        -       0x00000040   Zero   RW          392    .bss                delay.o
    0x20000474        -       0x0000000c   Zero   RW          430    .bss                watchdog.o
    0x20000480        -       0x0000002c   Zero   RW          489    .bss                spi_stm32f4xx.o
    0x200004ac        -       0x00000054   Zero   RW         2984    .bss                c_w.l(stdio_streams.o)
    0x20000500        -       0x00000054   Zero   RW         2985    .bss                c_w.l(stdio_streams.o)
    0x20000554        -       0x00000054   Zero   RW         2986    .bss                c_w.l(stdio_streams.o)
    0x200005a8        -       0x00000060   Zero   RW         3183    .bss                c_w.l(libspace.o)
    0x20000608        -       0x00000200   Zero   RW         2830    HEAP                startup_stm32f429xx.o
    0x20000808        -       0x00000400   Zero   RW         2829    STACK               startup_stm32f429xx.o


==============================================================================

Image component sizes


      Code (inc. data)   RO Data    RW Data    ZI Data      Debug   Object Name

       152         16          0          0         64       1408   delay.o
      1244        132       2400        196        810      13053   lcd.o
       580        256          0          0         42     748938   main.o
      4158        212        128          0         44      55731   spi_stm32f4xx.o
        64         26        428          0       1536        872   startup_stm32f429xx.o
       160         30          0          9          0       9573   stm32f4xx_hal.o
       316         28          0          0          0      35052   stm32f4xx_hal_cortex.o
        40          0          0          0          0       1463   stm32f4xx_hal_dma.o
       936        102          0          0          0       3718   stm32f4xx_hal_gpio.o
        94          0          0          0          0       2159   stm32f4xx_hal_iwdg.o
        70         10          0          0          0       1597   stm32f4xx_hal_msp.o
       140         12          0          0          0       1612   stm32f4xx_hal_pwr_ex.o
      1768         74          0          0          0       5681   stm32f4xx_hal_rcc.o
       692         46          0          0          0       7162   stm32f4xx_hal_tim.o
       180         30          0          0          0       1668   stm32f4xx_hal_tim_ex.o
        32          0          0          0          0       4066   stm32f4xx_it.o
       220         26         24          4          0       2203   system_stm32f4xx.o
        60         16          0          0         12       1210   watchdog.o

    ----------------------------------------------------------------------
     10916       1016       3014        212       2508     897166   Object Totals
         0          0         32          0          0          0   (incl. Generated)
        10          0          2          3          0          0   (incl. Padding)

    ----------------------------------------------------------------------

      Code (inc. data)   RO Data    RW Data    ZI Data      Debug   Library Member Name

         8          0          0          0          0         68   __main.o
       392          4         17          0          0         92   __printf_flags_ss_wp.o
        14          0          0          0          0         68   __printf_wp.o
         0          0          0          0          0          0   __rtentry.o
        12          0          0          0          0          0   __rtentry2.o
         6          0          0          0          0          0   __rtentry4.o
        52          8          0          0          0          0   __scatter.o
        26          0          0          0          0          0   __scatter_copy.o
        28          0          0          0          0          0   __scatter_zi.o
        44          0          0          0          0        108   _printf_char.o
        48          6          0          0          0         96   _printf_char_common.o
        36          4          0          0          0         80   _printf_char_file.o
        40          0          0          0          0         68   _printf_charcount.o
        84          6         40          0          0         88   _printf_hex_ptr.o
       178          0          0          0          0         88   _printf_intcommon.o
         6          0          0          0          0          0   _printf_n.o
         6          0          0          0          0          0   _printf_p.o
        78          0          0          0          0        108   _printf_pad.o
         0          0          0          0          0          0   _printf_percent.o
         4          0          0          0          0          0   _printf_percent_end.o
         6          0          0          0          0          0   _printf_s.o
        82          0          0          0          0         80   _printf_str.o
        10          0          0          0          0         68   defsig_exit.o
        50          0          0          0          0         88   defsig_general.o
        80         58          0          0          0         76   defsig_rtmem_inner.o
        14          0          0          0          0         80   defsig_rtmem_outer.o
        52         38          0          0          0         76   defsig_rtred_inner.o
        14          0          0          0          0         80   defsig_rtred_outer.o
        18          0          0          0          0         80   exit.o
        76          0          0          0          0         88   fclose.o
         8          0          0          0          0         68   ferror.o
       470          0          0          0          0         88   flsbuf.o
       236          4          0          0          0        128   fopen.o
        26          0          0          0          0         68   fputc.o
       248          6          0          0          0         84   fseek.o
        66          0          0          0          0         76   ftell.o
        94          0          0          0          0         80   h1_alloc.o
        52          0          0          0          0         68   h1_extend.o
        78          0          0          0          0         80   h1_free.o
        14          0          0          0          0         84   h1_init.o
         6          0          0          0          0        152   heapauxi.o
         4          0          0          0          0        136   hguard.o
         0          0          0          0          0          0   indicate_semi.o
       138          0          0          0          0        168   init_alloc.o
       312         46          0          0          0        112   initio.o
         2          0          0          0          0          0   libinit.o
        18          0          0          0          0          0   libinit2.o
         2          0          0          0          0          0   libshutdown.o
         6          0          0          0          0          0   libshutdown2.o
         8          4          0          0         96         68   libspace.o
       238          0          0          0          0        100   lludivv7m.o
         0          0          0          0          0          0   maybetermalloc1.o
        24          4          0          0          0         84   noretval__2printf.o
         8          4          0          0          0         68   rt_errno_addr_intlibspace.o
         8          4          0          0          0         68   rt_heap_descriptor_intlibspace.o
        78          0          0          0          0         80   rt_memclr_w.o
         2          0          0          0          0          0   rtexit.o
        10          0          0          0          0          0   rtexit2.o
        70          0          0          0          0         80   setvbuf.o
       240          6          0          0          0        156   stdio.o
         0          0          0         12        252          0   stdio_streams.o
        62          0          0          0          0         76   strlen.o
        12          4          0          0          0         68   sys_exit.o
       102          0         12          0          0        240   sys_io.o
        74          0          0          0          0         80   sys_stackheap_outer.o
        14          0          0          0          0         76   sys_wrch.o
         2          0          0          0          0         68   use_no_semi.o
        10          0          0          0          0        116   fpinit.o

    ----------------------------------------------------------------------
      4222        206         72         12        348       4400   Library Totals
        16          0          3          0          0          0   (incl. Padding)

    ----------------------------------------------------------------------

      Code (inc. data)   RO Data    RW Data    ZI Data      Debug   Library Name

      4196        206         69         12        348       4284   c_w.l
        10          0          0          0          0        116   fz_wm.l

    ----------------------------------------------------------------------
      4222        206         72         12        348       4400   Library Totals

    ----------------------------------------------------------------------

==============================================================================


      Code (inc. data)   RO Data    RW Data    ZI Data      Debug   

     15138       1222       3086        224       2856     890978   Grand Totals
     15138       1222       3086        224       2856     890978   ELF Image Totals
     15138       1222       3086        224          0          0   ROM Totals

==============================================================================

    Total RO  Size (Code + RO Data)                18224 (  17.80kB)
    Total RW  Size (RW Data + ZI Data)              3080 (   3.01kB)
    Total ROM Size (Code + RO Data + RW Data)      18448 (  18.02kB)

==============================================================================

